Archive member included because of file (symbol)

C:/Users/F/Applications/Arduino/hardware/arduino/sam/variants/arduino_due_x/libsam_sam3x8e_gcc_rel.a(startup_sam3xa.o)
                              (Reset_Handler)
C:/Users/F/Applications/Arduino/hardware/arduino/sam/variants/arduino_due_x/libsam_sam3x8e_gcc_rel.a(uotghs.o)
                              C:/Users/F/Applications/Arduino/hardware/arduino/sam/variants/arduino_due_x/libsam_sam3x8e_gcc_rel.a(startup_sam3xa.o) (UOTGHS_Handler)
C:/Users/F/workspace/FSXP_Project/FSXP_Proxy/Release/arduino.ar(variant.cpp.o)
                              C:/Users/F/Applications/Arduino/hardware/arduino/sam/variants/arduino_due_x/libsam_sam3x8e_gcc_rel.a(startup_sam3xa.o) (USART3_Handler)
C:/Users/F/workspace/FSXP_Project/FSXP_Proxy/Release/arduino.ar(RingBuffer.cpp.o)
                              C:/Users/F/workspace/FSXP_Project/FSXP_Proxy/Release/arduino.ar(variant.cpp.o) (RingBuffer::RingBuffer())
C:/Users/F/workspace/FSXP_Project/FSXP_Proxy/Release/arduino.ar(UARTClass.cpp.o)
                              C:/Users/F/workspace/FSXP_Project/FSXP_Proxy/Release/arduino.ar(variant.cpp.o) (UARTClass::UARTClass(Uart*, IRQn, unsigned long, RingBuffer*))
C:/Users/F/workspace/FSXP_Project/FSXP_Proxy/Release/arduino.ar(USARTClass.cpp.o)
                              C:/Users/F/workspace/FSXP_Project/FSXP_Proxy/Release/arduino.ar(variant.cpp.o) (USARTClass::USARTClass(Usart*, IRQn, unsigned long, RingBuffer*))
C:/Users/F/workspace/FSXP_Project/FSXP_Proxy/Release/arduino.ar(WInterrupts.c.o)
                              C:/Users/F/Applications/Arduino/hardware/arduino/sam/variants/arduino_due_x/libsam_sam3x8e_gcc_rel.a(startup_sam3xa.o) (PIOA_Handler)
C:/Users/F/workspace/FSXP_Project/FSXP_Proxy/Release/arduino.ar(cortex_handlers.c.o)
                              C:/Users/F/Applications/Arduino/hardware/arduino/sam/variants/arduino_due_x/libsam_sam3x8e_gcc_rel.a(startup_sam3xa.o) (SysTick_Handler)
C:/Users/F/workspace/FSXP_Project/FSXP_Proxy/Release/arduino.ar(cxxabi-compat.cpp.o)
                              C:/Users/F/workspace/FSXP_Project/FSXP_Proxy/Release/arduino.ar(UARTClass.cpp.o) (__cxa_pure_virtual)
C:/Users/F/workspace/FSXP_Project/FSXP_Proxy/Release/arduino.ar(hooks.c.o)
                              C:/Users/F/workspace/FSXP_Project/FSXP_Proxy/Release/arduino.ar(cortex_handlers.c.o) (sysTickHook)
C:/Users/F/workspace/FSXP_Project/FSXP_Proxy/Release/arduino.ar(main.cpp.o)
                              C:/Users/F/Applications/Arduino/hardware/arduino/sam/variants/arduino_due_x/libsam_sam3x8e_gcc_rel.a(startup_sam3xa.o) (main)
C:/Users/F/workspace/FSXP_Project/FSXP_Proxy/Release/arduino.ar(wiring.c.o)
                              C:/Users/F/workspace/FSXP_Project/FSXP_Proxy/Release/arduino.ar(main.cpp.o) (delay)
C:/Users/F/workspace/FSXP_Project/FSXP_Proxy/Release/arduino.ar(wiring_analog.c.o)
                              C:/Users/F/workspace/FSXP_Project/FSXP_Proxy/Release/arduino.ar(variant.cpp.o) (analogOutputInit)
C:/Users/F/workspace/FSXP_Project/FSXP_Proxy/Release/arduino.ar(wiring_digital.c.o)
                              C:/Users/F/workspace/FSXP_Project/FSXP_Proxy/Release/arduino.ar(variant.cpp.o) (digitalWrite)
C:/Users/F/workspace/FSXP_Project/FSXP_Proxy/Release/arduino.ar(USBCore.cpp.o)
                              C:/Users/F/workspace/FSXP_Project/FSXP_Proxy/Release/arduino.ar(main.cpp.o) (USBDevice_::attach())
C:/Users/F/workspace/FSXP_Project/FSXP_Proxy/Release/arduino.ar(Print.cpp.o)
                              C:/Users/F/workspace/FSXP_Project/FSXP_Proxy/Release/arduino.ar(UARTClass.cpp.o) (Print::write(unsigned char const*, unsigned int))
C:/Users/F/workspace/FSXP_Project/FSXP_Proxy/Release/arduino.ar(Reset.cpp.o)
                              C:/Users/F/workspace/FSXP_Project/FSXP_Proxy/Release/arduino.ar(cortex_handlers.c.o) (tickReset)
C:/Users/F/workspace/FSXP_Project/FSXP_Proxy/Release/arduino.ar(CDC.cpp.o)
                              C:/Users/F/workspace/FSXP_Project/FSXP_Proxy/Release/arduino.ar(USBCore.cpp.o) (Serial_::accept())
C:/Users/F/workspace/FSXP_Project/FSXP_Proxy/Release/arduino.ar(HID.cpp.o)
                              C:/Users/F/workspace/FSXP_Project/FSXP_Proxy/Release/arduino.ar(USBCore.cpp.o) (HID_Setup(Setup&))
C:/Users/F/Applications/Arduino/hardware/arduino/sam/variants/arduino_due_x/libsam_sam3x8e_gcc_rel.a(pio.o)
                              C:/Users/F/workspace/FSXP_Project/FSXP_Proxy/Release/arduino.ar(wiring_digital.c.o) (PIO_PullUp)
C:/Users/F/Applications/Arduino/hardware/arduino/sam/variants/arduino_due_x/libsam_sam3x8e_gcc_rel.a(pmc.o)
                              C:/Users/F/workspace/FSXP_Project/FSXP_Proxy/Release/arduino.ar(variant.cpp.o) (pmc_enable_periph_clk)
C:/Users/F/Applications/Arduino/hardware/arduino/sam/variants/arduino_due_x/libsam_sam3x8e_gcc_rel.a(pwmc.o)
[...]
Memory Configuration

Name             Origin             Length             Attributes
rom              0x00080000         0x00080000         xr
sram0            0x20000000         0x00010000         xrw
sram1            0x20080000         0x00008000         xrw
ram              0x20070000         0x00018000         xrw
*default*        0x00000000         0xffffffff

Linker script and memory map

LOAD c:/users/f/applications/arduino/hardware/tools/g++_arm_none_eabi/bin/../lib/gcc/arm-none-eabi/4.4.1/thumb2/crti.o
LOAD c:/users/f/applications/arduino/hardware/tools/g++_arm_none_eabi/bin/../lib/gcc/arm-none-eabi/4.4.1/thumb2/crtbegin.o
LOAD c:/users/f/applications/arduino/hardware/tools/g++_arm_none_eabi/bin/../lib/gcc/arm-none-eabi/4.4.1/thumb2\libgcc.a
START GROUP
LOAD C:/Users/F/workspace/FSXP_Project/FSXP_Proxy/Release/arduino/syscalls_sam3.c.o
LOAD ./FSXP_Proxy.cpp.o
LOAD C:/Users/F/workspace/FSXP_Project/FSXP_Proxy/Release/arduino.ar
LOAD C:/Users/F/Applications/Arduino/hardware/arduino/sam/variants/arduino_due_x/libsam_sam3x8e_gcc_rel.a
LOAD C:/Users/F/workspace/FSXP_Project/FSXP_Proxy/Release/arduino.ar
END GROUP
LOAD c:/users/f/applications/arduino/hardware/tools/g++_arm_none_eabi/bin/../lib/gcc/arm-none-eabi/4.4.1/../../../../arm-none-eabi/lib/thumb2\libstdc++.a
LOAD c:/users/f/applications/arduino/hardware/tools/g++_arm_none_eabi/bin/../lib/gcc/arm-none-eabi/4.4.1/../../../../arm-none-eabi/lib/thumb2\libm.a
START GROUP
LOAD c:/users/f/applications/arduino/hardware/tools/g++_arm_none_eabi/bin/../lib/gcc/arm-none-eabi/4.4.1/thumb2\libgcc.a
LOAD c:/users/f/applications/arduino/hardware/tools/g++_arm_none_eabi/bin/../lib/gcc/arm-none-eabi/4.4.1/../../../../arm-none-eabi/lib/thumb2\libc.a
END GROUP
LOAD c:/users/f/applications/arduino/hardware/tools/g++_arm_none_eabi/bin/../lib/gcc/arm-none-eabi/4.4.1/thumb2/crtend.o
LOAD c:/users/f/applications/arduino/hardware/tools/g++_arm_none_eabi/bin/../lib/gcc/arm-none-eabi/4.4.1/thumb2/crtn.o

.text           0x00080000     0x293c
                0x00080000                . = ALIGN (0x4)
                0x00080000                _sfixed = .
 *(.vectors .vectors.*)
 .vectors       0x00080000       0xf4 C:/Users/F/Applications/Arduino/hardware/arduino/sam/variants/arduino_due_x/libsam_sam3x8e_gcc_rel.a(startup_sam3xa.o)
                0x00080000                exception_table
 *(.text .text.* .gnu.linkonce.t.*)
 .text          0x000800f4       0x30 c:/users/f/applications/arduino/hardware/tools/g++_arm_none_eabi/bin/../lib/gcc/arm-none-eabi/4.4.1/thumb2/crtbegin.o
 .text.setup    0x00080124        0x2 ./FSXP_Proxy.cpp.o
                0x00080124                setup
 .text.loop     0x00080126        0x2 ./FSXP_Proxy.cpp.o
                0x00080126                loop
 .text.Reset_Handler
                0x00080128       0x70 C:/Users/F/Applications/Arduino/hardware/arduino/sam/variants/arduino_due_x/libsam_sam3x8e_gcc_rel.a(startup_sam3xa.o)
                0x00080128                Reset_Handler
 .text.UOTGHS_Handler
                0x00080198       0x10 C:/Users/F/Applications/Arduino/hardware/arduino/sam/variants/arduino_due_x/libsam_sam3x8e_gcc_rel.a(uotghs.o)
                0x00080198                UOTGHS_Handler
 .text._Z11serialEventv
                0x000801a8        0x2 C:/Users/F/workspace/FSXP_Project/FSXP_Proxy/Release/arduino.ar(variant.cpp.o)
                0x000801a8                serialEvent()
 .text._Z12serialEvent1v
                0x000801aa        0x2 C:/Users/F/workspace/FSXP_Project/FSXP_Proxy/Release/arduino.ar(variant.cpp.o)
                0x000801aa                serialEvent1()
 .text._Z12serialEvent2v
                0x000801ac        0x2 C:/Users/F/workspace/FSXP_Project/FSXP_Proxy/Release/arduino.ar(variant.cpp.o)
                0x000801ac                serialEvent2()
 .text._Z12serialEvent3v
                0x000801ae        0x2 C:/Users/F/workspace/FSXP_Project/FSXP_Proxy/Release/arduino.ar(variant.cpp.o)
                0x000801ae                serialEvent3()
 .text.init     0x000801b0      0x134 C:/Users/F/workspace/FSXP_Project/FSXP_Proxy/Release/arduino.ar(variant.cpp.o)
                0x000801b0                init
 .text._Z14serialEventRunv
                0x000802e4       0x48 C:/Users/F/workspace/FSXP_Project/FSXP_Proxy/Release/arduino.ar(variant.cpp.o)
                0x000802e4                serialEventRun()
 .text.USART3_Handler
                0x0008032c        0xc C:/Users/F/workspace/FSXP_Project/FSXP_Proxy/Release/arduino.ar(variant.cpp.o)
                0x0008032c                USART3_Handler
 .text.USART1_Handler
                0x00080338        0xc C:/Users/F/workspace/FSXP_Project/FSXP_Proxy/Release/arduino.ar(variant.cpp.o)
                0x00080338                USART1_Handler
 .text.USART0_Handler
                0x00080344        0xc C:/Users/F/workspace/FSXP_Project/FSXP_Proxy/Release/arduino.ar(variant.cpp.o)
                0x00080344                USART0_Handler
 .text.UART_Handler
                0x00080350        0xc C:/Users/F/workspace/FSXP_Project/FSXP_Proxy/Release/arduino.ar(variant.cpp.o)
                0x00080350                UART_Handler
 .text._GLOBAL__I_g_APinDescription
                0x0008035c       0x8c C:/Users/F/workspace/FSXP_Project/FSXP_Proxy/Release/arduino.ar(variant.cpp.o)
 .text._ZN10RingBuffer10store_charEh
                0x000803e8       0x16 C:/Users/F/workspace/FSXP_Project/FSXP_Proxy/Release/arduino.ar(RingBuffer.cpp.o)
                0x000803e8                RingBuffer::store_char(unsigned char)
 .text._ZN10RingBufferC1Ev
                0x000803fe       0x16 C:/Users/F/workspace/FSXP_Project/FSXP_Proxy/Release/arduino.ar(RingBuffer.cpp.o)
                0x000803fe                RingBuffer::RingBuffer()
 .text._ZN9UARTClasscvbEv
                0x00080414        0x4 C:/Users/F/workspace/FSXP_Project/FSXP_Proxy/Release/arduino.ar(UARTClass.cpp.o)
                0x00080414                UARTClass::operator bool()
 .text._ZN9UARTClassC1EP4Uart4IRQnmP10RingBuffer
                0x00080418       0x24 C:/Users/F/workspace/FSXP_Project/FSXP_Proxy/Release/arduino.ar(UARTClass.cpp.o)
                0x00080418                UARTClass::UARTClass(Uart*, IRQn, unsigned long, RingBuffer*)
 .text._ZN9UARTClass9availableEv
                0x0008043c        0xe C:/Users/F/workspace/FSXP_Project/FSXP_Proxy/Release/arduino.ar(UARTClass.cpp.o)
                0x0008043c                UARTClass::available()
 .text._ZN9UARTClass4peekEv
                0x0008044a       0x12 C:/Users/F/workspace/FSXP_Project/FSXP_Proxy/Release/arduino.ar(UARTClass.cpp.o)
                0x0008044a                UARTClass::peek()
 .text._ZN9UARTClass4readEv
                0x0008045c       0x1c C:/Users/F/workspace/FSXP_Project/FSXP_Proxy/Release/arduino.ar(UARTClass.cpp.o)
                0x0008045c                UARTClass::read()
 .text._ZN9UARTClass5flushEv
                0x00080478        0xc C:/Users/F/workspace/FSXP_Project/FSXP_Proxy/Release/arduino.ar(UARTClass.cpp.o)
                0x00080478                UARTClass::flush()
 .text._ZN9UARTClass5writeEh
                0x00080484       0x10 C:/Users/F/workspace/FSXP_Project/FSXP_Proxy/Release/arduino.ar(UARTClass.cpp.o)
                0x00080484                UARTClass::write(unsigned char)
 .text._ZN9UARTClass10IrqHandlerEv
                0x00080494       0x2a C:/Users/F/workspace/FSXP_Project/FSXP_Proxy/Release/arduino.ar(UARTClass.cpp.o)
                0x00080494                UARTClass::IrqHandler()
 *fill*         0x000804be        0x2 00
 .text._ZN9UARTClass3endEv
                0x000804c0       0x38 C:/Users/F/workspace/FSXP_Project/FSXP_Proxy/Release/arduino.ar(UARTClass.cpp.o)
                0x000804c0                UARTClass::end()
 .text._ZN9UARTClass5beginEm
                0x000804f8       0x5c C:/Users/F/workspace/FSXP_Project/FSXP_Proxy/Release/arduino.ar(UARTClass.cpp.o)
                0x000804f8                UARTClass::begin(unsigned long)
 .text._ZN10USARTClasscvbEv
                0x00080554        0x4 C:/Users/F/workspace/FSXP_Project/FSXP_Proxy/Release/arduino.ar(USARTClass.cpp.o)
                0x00080554                USARTClass::operator bool()
 .text._ZN10USARTClassC1EP5Usart4IRQnmP10RingBuffer
                0x00080558       0x24 C:/Users/F/workspace/FSXP_Project/FSXP_Proxy/Release/arduino.ar(USARTClass.cpp.o)
                0x00080558                USARTClass::USARTClass(Usart*, IRQn, unsigned long, RingBuffer*)
 .text._ZN10USARTClass9availableEv
                0x0008057c        0xe C:/Users/F/workspace/FSXP_Project/FSXP_Proxy/Release/arduino.ar(USARTClass.cpp.o)
                0x0008057c                USARTClass::available()
 .text._ZN10USARTClass4peekEv
                0x0008058a       0x12 C:/Users/F/workspace/FSXP_Project/FSXP_Proxy/Release/arduino.ar(USARTClass.cpp.o)
                0x0008058a                USARTClass::peek()
 .text._ZN10USARTClass4readEv
                0x0008059c       0x1c C:/Users/F/workspace/FSXP_Project/FSXP_Proxy/Release/arduino.ar(USARTClass.cpp.o)
                0x0008059c                USARTClass::read()
 .text._ZN10USARTClass5flushEv
                0x000805b8        0xc C:/Users/F/workspace/FSXP_Project/FSXP_Proxy/Release/arduino.ar(USARTClass.cpp.o)
                0x000805b8                USARTClass::flush()
 .text._ZN10USARTClass5writeEh
                0x000805c4       0x10 C:/Users/F/workspace/FSXP_Project/FSXP_Proxy/Release/arduino.ar(USARTClass.cpp.o)
                0x000805c4                USARTClass::write(unsigned char)
 .text._ZN10USARTClass10IrqHandlerEv
                0x000805d4       0x2a C:/Users/F/workspace/FSXP_Project/FSXP_Proxy/Release/arduino.ar(USARTClass.cpp.o)
                0x000805d4                USARTClass::IrqHandler()
 *fill*         0x000805fe        0x2 00
 .text._ZN10USARTClass3endEv
                0x00080600       0x38 C:/Users/F/workspace/FSXP_Project/FSXP_Proxy/Release/arduino.ar(USARTClass.cpp.o)
                0x00080600                USARTClass::end()
 .text._ZN10USARTClass5beginEm
                0x00080638       0x5c C:/Users/F/workspace/FSXP_Project/FSXP_Proxy/Release/arduino.ar(USARTClass.cpp.o)
                0x00080638                USARTClass::begin(unsigned long)
 .text.PIOA_Handler
                0x00080694       0x2c C:/Users/F/workspace/FSXP_Project/FSXP_Proxy/Release/arduino.ar(WInterrupts.c.o)
                0x00080694                PIOA_Handler
 .text.PIOB_Handler
                0x000806c0       0x2c C:/Users/F/workspace/FSXP_Project/FSXP_Proxy/Release/arduino.ar(WInterrupts.c.o)
                0x000806c0                PIOB_Handler
 .text.PIOC_Handler
                0x000806ec       0x2c C:/Users/F/workspace/FSXP_Project/FSXP_Proxy/Release/arduino.ar(WInterrupts.c.o)
                0x000806ec                PIOC_Handler
 .text.PIOD_Handler
                0x00080718       0x2c C:/Users/F/workspace/FSXP_Project/FSXP_Proxy/Release/arduino.ar(WInterrupts.c.o)
                0x00080718                PIOD_Handler
 .text.__halt   0x00080744        0x2 C:/Users/F/workspace/FSXP_Project/FSXP_Proxy/Release/arduino.ar(cortex_handlers.c.o)
                0x00080744                DACC_Handler
                0x00080744                DebugMon_Handler
                0x00080744                DMAC_Handler
                0x00080744                TRNG_Handler
                0x00080744                HardFault_Handler
                0x00080744                TC2_Handler
                0x00080744                TWI1_Handler
                0x00080744                NMI_Handler
                0x00080744                TC7_Handler
                0x00080744                ADC_Handler
                0x00080744                SMC_Handler
                0x00080744                RTT_Handler
                0x00080744                EFC1_Handler
                0x00080744                RTC_Handler
                0x00080744                UsageFault_Handler
                0x00080744                TC6_Handler
                0x00080744                WDT_Handler
                0x00080744                CAN0_Handler
                0x00080744                TC4_Handler
                0x00080744                TC1_Handler
                0x00080744                HSMCI_Handler
                0x00080744                TC3_Handler
                0x00080744                TWI0_Handler
                0x00080744                SSC_Handler
                0x00080744                EFC0_Handler
                0x00080744                PMC_Handler
                0x00080744                PWM_Handler
                0x00080744                CAN1_Handler
                0x00080744                MemManage_Handler
                0x00080744                SUPC_Handler
                0x00080744                TC8_Handler
                0x00080744                USART2_Handler
                0x00080744                EMAC_Handler
                0x00080744                BusFault_Handler
                0x00080744                RSTC_Handler
                0x00080744                TC0_Handler
                0x00080744                TC5_Handler
                0x00080744                SPI0_Handler
 .text.SysTick_Handler
                0x00080746       0x16 C:/Users/F/workspace/FSXP_Project/FSXP_Proxy/Release/arduino.ar(cortex_handlers.c.o)
                0x00080746                SysTick_Handler
 .text.PendSV_Handler
                0x0008075c        0x4 C:/Users/F/workspace/FSXP_Project/FSXP_Proxy/Release/arduino.ar(cortex_handlers.c.o)
                0x0008075c                PendSV_Handler
 .text.SVC_Handler
                0x00080760        0x4 C:/Users/F/workspace/FSXP_Project/FSXP_Proxy/Release/arduino.ar(cortex_handlers.c.o)
                0x00080760                SVC_Handler
 .text.__empty  0x00080764        0x2 C:/Users/F/workspace/FSXP_Project/FSXP_Proxy/Release/arduino.ar(hooks.c.o)
                0x00080764                yield
 .text.__false  0x00080766        0x4 C:/Users/F/workspace/FSXP_Project/FSXP_Proxy/Release/arduino.ar(hooks.c.o)
                0x00080766                sysTickHook
 .text.__halt   0x0008076a        0x2 C:/Users/F/workspace/FSXP_Project/FSXP_Proxy/Release/arduino.ar(hooks.c.o)
                0x0008076a                svcHook
                0x0008076a                pendSVHook
 .text.main     0x0008076c       0x30 C:/Users/F/workspace/FSXP_Project/FSXP_Proxy/Release/arduino.ar(main.cpp.o)
                0x0008076c                main
 .text.delay    0x0008079c       0x1c C:/Users/F/workspace/FSXP_Project/FSXP_Proxy/Release/arduino.ar(wiring.c.o)
                0x0008079c                delay
 .text.analogOutputInit
                0x000807b8       0x14 C:/Users/F/workspace/FSXP_Project/FSXP_Proxy/Release/arduino.ar(wiring_analog.c.o)
                0x000807b8                analogOutputInit
 .text.digitalWrite
                0x000807cc       0x48 C:/Users/F/workspace/FSXP_Project/FSXP_Proxy/Release/arduino.ar(wiring_digital.c.o)
                0x000807cc                digitalWrite
 .text._Z16USBD_InitControli
                0x00080814       0x14 C:/Users/F/workspace/FSXP_Project/FSXP_Proxy/Release/arduino.ar(USBCore.cpp.o)
                0x00080814                USBD_InitControl(int)
 .text._ZL11USB_SendZlpv
                0x00080828       0x24 C:/Users/F/workspace/FSXP_Project/FSXP_Proxy/Release/arduino.ar(USBCore.cpp.o)
 .text._ZN10USBDevice_6attachEv
                0x0008084c       0x20 C:/Users/F/workspace/FSXP_Project/FSXP_Proxy/Release/arduino.ar(USBCore.cpp.o)
                0x0008084c                USBDevice_::attach()
 .text._ZN10USBDevice_C1Ev
                0x0008086c       0x24 C:/Users/F/workspace/FSXP_Project/FSXP_Proxy/Release/arduino.ar(USBCore.cpp.o)
                0x0008086c                USBDevice_::USBDevice_()
 .text._Z14USBD_Availablem
                0x00080890       0x2c C:/Users/F/workspace/FSXP_Project/FSXP_Proxy/Release/arduino.ar(USBCore.cpp.o)
                0x00080890                USBD_Available(unsigned long)
 .text._Z10USBD_Flushm
                0x000808bc       0x16 C:/Users/F/workspace/FSXP_Project/FSXP_Proxy/Release/arduino.ar(USBCore.cpp.o)
                0x000808bc                USBD_Flush(unsigned long)
 .text._Z24USBD_SendOtherInterfacesv
                0x000808d2       0x1c C:/Users/F/workspace/FSXP_Project/FSXP_Proxy/Release/arduino.ar(USBCore.cpp.o)
                0x000808d2                USBD_SendOtherInterfaces()
 .text._Z19USBD_SendInterfacesv
                0x000808ee       0x1c C:/Users/F/workspace/FSXP_Project/FSXP_Proxy/Release/arduino.ar(USBCore.cpp.o)
                0x000808ee                USBD_SendInterfaces()
 .text._Z26USBD_ClassInterfaceRequestR5Setup
                0x0008090a       0x14 C:/Users/F/workspace/FSXP_Project/FSXP_Proxy/Release/arduino.ar(USBCore.cpp.o)
                0x0008090a                USBD_ClassInterfaceRequest(Setup&)
 .text._Z16USBD_RecvControlPvm
                0x0008091e       0x1c C:/Users/F/workspace/FSXP_Project/FSXP_Proxy/Release/arduino.ar(USBCore.cpp.o)
                0x0008091e                USBD_RecvControl(void*, unsigned long)
 *fill*         0x0008093a        0x2 00
 .text._Z16USBD_SendControlhPKvm
                0x0008093c       0x40 C:/Users/F/workspace/FSXP_Project/FSXP_Proxy/Release/arduino.ar(USBCore.cpp.o)
                0x0008093c                USBD_SendControl(unsigned char, void const*, unsigned long)
 .text._ZL24USB_SendStringDescriptorPKhi
                0x0008097c       0x42 C:/Users/F/workspace/FSXP_Project/FSXP_Proxy/Release/arduino.ar(USBCore.cpp.o)
 *fill*         0x000809be        0x2 00
 .text._ZL7USB_ISRv
                0x000809c0      0x438 C:/Users/F/workspace/FSXP_Project/FSXP_Proxy/Release/arduino.ar(USBCore.cpp.o)
 .text._Z9USBD_SendmPKvm
                0x00080df8       0x4c C:/Users/F/workspace/FSXP_Project/FSXP_Proxy/Release/arduino.ar(USBCore.cpp.o)
                0x00080df8                USBD_Send(unsigned long, void const*, unsigned long)
 .text._Z9USBD_RecvmPvm
                0x00080e44       0x7c C:/Users/F/workspace/FSXP_Project/FSXP_Proxy/Release/arduino.ar(USBCore.cpp.o)
                0x00080e44                USBD_Recv(unsigned long, void*, unsigned long)
 .text._Z9USBD_Recvm
                0x00080ec0       0x1e C:/Users/F/workspace/FSXP_Project/FSXP_Proxy/Release/arduino.ar(USBCore.cpp.o)
                0x00080ec0                USBD_Recv(unsigned long)
 *fill*         0x00080ede        0x2 00
 .text._GLOBAL__I_TxLEDPulse
                0x00080ee0        0xc C:/Users/F/workspace/FSXP_Project/FSXP_Proxy/Release/arduino.ar(USBCore.cpp.o)
 .text._ZN5Print5writeEPKhj
                0x00080eec       0x2e C:/Users/F/workspace/FSXP_Project/FSXP_Proxy/Release/arduino.ar(Print.cpp.o)
                0x00080eec                Print::write(unsigned char const*, unsigned int)
 *fill*         0x00080f1a        0x2 00
 .text.initiateReset
                0x00080f1c        0xc C:/Users/F/workspace/FSXP_Project/FSXP_Proxy/Release/arduino.ar(Reset.cpp.o)
                0x00080f1c                initiateReset
 .text.cancelReset
                0x00080f28       0x10 C:/Users/F/workspace/FSXP_Project/FSXP_Proxy/Release/arduino.ar(Reset.cpp.o)
                0x00080f28                cancelReset
 .text.tickReset
                0x00080f38       0x20 C:/Users/F/workspace/FSXP_Project/FSXP_Proxy/Release/arduino.ar(Reset.cpp.o)
                0x00080f38                tickReset
 .text._ZN7Serial_9availableEv
                0x00080f58       0x18 C:/Users/F/workspace/FSXP_Project/FSXP_Proxy/Release/arduino.ar(CDC.cpp.o)
                0x00080f58                Serial_::available()
 .text._ZN7Serial_4peekEv
                0x00080f70       0x20 C:/Users/F/workspace/FSXP_Project/FSXP_Proxy/Release/arduino.ar(CDC.cpp.o)
                0x00080f70                Serial_::peek()
 .text._ZN7Serial_5writeEh
                0x00080f90       0x14 C:/Users/F/workspace/FSXP_Project/FSXP_Proxy/Release/arduino.ar(CDC.cpp.o)
                0x00080f90                Serial_::write(unsigned char)
 .text._ZN7Serial_5writeEPKhj
                0x00080fa4       0x28 C:/Users/F/workspace/FSXP_Project/FSXP_Proxy/Release/arduino.ar(CDC.cpp.o)
                0x00080fa4                Serial_::write(unsigned char const*, unsigned int)
 .text._ZN7Serial_5flushEv
                0x00080fcc        0x6 C:/Users/F/workspace/FSXP_Project/FSXP_Proxy/Release/arduino.ar(CDC.cpp.o)
                0x00080fcc                Serial_::flush()
 *fill*         0x00080fd2        0x2 00
 .text._ZN7Serial_4readEv
                0x00080fd4       0x44 C:/Users/F/workspace/FSXP_Project/FSXP_Proxy/Release/arduino.ar(CDC.cpp.o)
                0x00080fd4                Serial_::read()
 .text._ZN7Serial_6acceptEv
                0x00081018       0x6c C:/Users/F/workspace/FSXP_Project/FSXP_Proxy/Release/arduino.ar(CDC.cpp.o)
                0x00081018                Serial_::accept()
 .text._Z21CDC_GetOtherInterfacePh
                0x00081084       0x14 C:/Users/F/workspace/FSXP_Project/FSXP_Proxy/Release/arduino.ar(CDC.cpp.o)
                0x00081084                CDC_GetOtherInterface(unsigned char*)
 .text._Z16CDC_GetInterfacePh
                0x00081098       0x14 C:/Users/F/workspace/FSXP_Project/FSXP_Proxy/Release/arduino.ar(CDC.cpp.o)
                0x00081098                CDC_GetInterface(unsigned char*)
 .text._Z9CDC_SetupR5Setup
                0x000810ac       0x60 C:/Users/F/workspace/FSXP_Project/FSXP_Proxy/Release/arduino.ar(CDC.cpp.o)
                0x000810ac                CDC_Setup(Setup&)
 .text._GLOBAL__I_cdc_rx_buffer
                0x0008110c       0x1c C:/Users/F/workspace/FSXP_Project/FSXP_Proxy/Release/arduino.ar(CDC.cpp.o)
 .text._Z9HID_SetupR5Setup
                0x00081128       0x44 C:/Users/F/workspace/FSXP_Project/FSXP_Proxy/Release/arduino.ar(HID.cpp.o)
                0x00081128                HID_Setup(Setup&)
 .text._ZN6Mouse_C1Ev
                0x0008116c        0x6 C:/Users/F/workspace/FSXP_Project/FSXP_Proxy/Release/arduino.ar(HID.cpp.o)
                0x0008116c                Mouse_::Mouse_()
 *fill*         0x00081172        0x2 00
 .text._ZN9Keyboard_C1Ev
                0x00081174       0x10 C:/Users/F/workspace/FSXP_Project/FSXP_Proxy/Release/arduino.ar(HID.cpp.o)
                0x00081174                Keyboard_::Keyboard_()
 .text._ZN9Keyboard_5writeEh
                0x00081184       0x1c C:/Users/F/workspace/FSXP_Project/FSXP_Proxy/Release/arduino.ar(HID.cpp.o)
                0x00081184                Keyboard_::write(unsigned char)
 .text._Z14HID_SendReporthPKvm
                0x000811a0       0x2c C:/Users/F/workspace/FSXP_Project/FSXP_Proxy/Release/arduino.ar(HID.cpp.o)
                0x000811a0                HID_SendReport(unsigned char, void const*, unsigned long)
 .text._ZN9Keyboard_10sendReportEP9KeyReport
                0x000811cc        0x8 C:/Users/F/workspace/FSXP_Project/FSXP_Proxy/Release/arduino.ar(HID.cpp.o)
                0x000811cc                Keyboard_::sendReport(KeyReport*)
 .text._ZN9Keyboard_10releaseAllEv
                0x000811d4       0x18 C:/Users/F/workspace/FSXP_Project/FSXP_Proxy/Release/arduino.ar(HID.cpp.o)
                0x000811d4                Keyboard_::releaseAll()
 .text._ZN9Keyboard_7releaseEh
                0x000811ec       0x74 C:/Users/F/workspace/FSXP_Project/FSXP_Proxy/Release/arduino.ar(HID.cpp.o)
                0x000811ec                Keyboard_::release(unsigned char)
 .text._ZN9Keyboard_5pressEh
                0x00081260       0x9c C:/Users/F/workspace/FSXP_Project/FSXP_Proxy/Release/arduino.ar(HID.cpp.o)
                0x00081260                Keyboard_::press(unsigned char)
 .text._Z17HID_GetDescriptori
                0x000812fc       0x10 C:/Users/F/workspace/FSXP_Project/FSXP_Proxy/Release/arduino.ar(HID.cpp.o)
                0x000812fc                HID_GetDescriptor(int)
 .text._Z16HID_GetInterfacePh
                0x0008130c       0x14 C:/Users/F/workspace/FSXP_Project/FSXP_Proxy/Release/arduino.ar(HID.cpp.o)
                0x0008130c                HID_GetInterface(unsigned char*)
 .text._GLOBAL__I_Mouse
                0x00081320       0x1c C:/Users/F/workspace/FSXP_Project/FSXP_Proxy/Release/arduino.ar(HID.cpp.o)
 .text.PIO_DisableInterrupt
                0x0008133c        0x4 C:/Users/F/Applications/Arduino/hardware/arduino/sam/variants/arduino_due_x/libsam_sam3x8e_gcc_rel.a(pio.o)
                0x0008133c                PIO_DisableInterrupt
 .text.PIO_PullUp
                0x00081340        0xa C:/Users/F/Applications/Arduino/hardware/arduino/sam/variants/arduino_due_x/libsam_sam3x8e_gcc_rel.a(pio.o)
                0x00081340                PIO_PullUp
 .text.PIO_SetPeripheral
                0x0008134a       0x2a C:/Users/F/Applications/Arduino/hardware/arduino/sam/variants/arduino_due_x/libsam_sam3x8e_gcc_rel.a(pio.o)
                0x0008134a                PIO_SetPeripheral
 .text.PIO_SetInput
                0x00081374       0x40 C:/Users/F/Applications/Arduino/hardware/arduino/sam/variants/arduino_due_x/libsam_sam3x8e_gcc_rel.a(pio.o)
                0x00081374                PIO_SetInput
 .text.PIO_SetOutput
                0x000813b4       0x38 C:/Users/F/Applications/Arduino/hardware/arduino/sam/variants/arduino_due_x/libsam_sam3x8e_gcc_rel.a(pio.o)
                0x000813b4                PIO_SetOutput
 .text.PIO_Configure
                0x000813ec       0x74 C:/Users/F/Applications/Arduino/hardware/arduino/sam/variants/arduino_due_x/libsam_sam3x8e_gcc_rel.a(pio.o)
                0x000813ec                PIO_Configure
 .text.PIO_GetOutputDataStatus
                0x00081460       0x16 C:/Users/F/Applications/Arduino/hardware/arduino/sam/variants/arduino_due_x/libsam_sam3x8e_gcc_rel.a(pio.o)
                0x00081460                PIO_GetOutputDataStatus
 *fill*         0x00081476        0x2 00
 .text.pmc_enable_upll_clock
                0x00081478       0x18 C:/Users/F/Applications/Arduino/hardware/arduino/sam/variants/arduino_due_x/libsam_sam3x8e_gcc_rel.a(pmc.o)
                0x00081478                pmc_enable_upll_clock
 .text.pmc_enable_periph_clk
                0x00081490       0x48 C:/Users/F/Applications/Arduino/hardware/arduino/sam/variants/arduino_due_x/libsam_sam3x8e_gcc_rel.a(pmc.o)
                0x00081490                pmc_enable_periph_clk
 .text.pmc_disable_periph_clk
                0x000814d8       0x48 C:/Users/F/Applications/Arduino/hardware/arduino/sam/variants/arduino_due_x/libsam_sam3x8e_gcc_rel.a(pmc.o)
                0x000814d8                pmc_disable_periph_clk
 .text.pmc_switch_udpck_to_upllck
                0x00081520       0x14 C:/Users/F/Applications/Arduino/hardware/arduino/sam/variants/arduino_due_x/libsam_sam3x8e_gcc_rel.a(pmc.o)
                0x00081520                pmc_switch_udpck_to_upllck
 .text.pmc_enable_udpck
                0x00081534        0xc C:/Users/F/Applications/Arduino/hardware/arduino/sam/variants/arduino_due_x/libsam_sam3x8e_gcc_rel.a(pmc.o)
                0x00081534                pmc_enable_udpck
 .text.TimeTick_Increment
                0x00081540       0x10 C:/Users/F/Applications/Arduino/hardware/arduino/sam/variants/arduino_due_x/libsam_sam3x8e_gcc_rel.a(timetick.o)
                0x00081540                TimeTick_Increment
 .text.GetTickCount
                0x00081550        0xc C:/Users/F/Applications/Arduino/hardware/arduino/sam/variants/arduino_due_x/libsam_sam3x8e_gcc_rel.a(timetick.o)
                0x00081550                GetTickCount
 .text.WDT_Disable
                0x0008155c        0x8 C:/Users/F/Applications/Arduino/hardware/arduino/sam/variants/arduino_due_x/libsam_sam3x8e_gcc_rel.a(wdt.o)
                0x0008155c                WDT_Disable
 .text.SystemInit
                0x00081564       0x9c C:/Users/F/Applications/Arduino/hardware/arduino/sam/variants/arduino_due_x/libsam_sam3x8e_gcc_rel.a(system_sam3xa.o)
                0x00081564                SystemInit
 .text.adc_init
                0x00081600       0xa0 C:/Users/F/Applications/Arduino/hardware/arduino/sam/variants/arduino_due_x/libsam_sam3x8e_gcc_rel.a(adc.o)
                0x00081600                adc_init
 .text.adc_configure_trigger
                0x000816a0       0x10 C:/Users/F/Applications/Arduino/hardware/arduino/sam/variants/arduino_due_x/libsam_sam3x8e_gcc_rel.a(adc.o)
                0x000816a0                adc_configure_trigger
 .text.adc_configure_timing
                0x000816b0       0x1a C:/Users/F/Applications/Arduino/hardware/arduino/sam/variants/arduino_due_x/libsam_sam3x8e_gcc_rel.a(adc.o)
                0x000816b0                adc_configure_timing
 .text.adc_disable_all_channel
                0x000816ca        0x8 C:/Users/F/Applications/Arduino/hardware/arduino/sam/variants/arduino_due_x/libsam_sam3x8e_gcc_rel.a(adc.o)
                0x000816ca                adc_disable_all_channel
 .text.adc_disable_interrupt
                0x000816d2        0x4 C:/Users/F/Applications/Arduino/hardware/arduino/sam/variants/arduino_due_x/libsam_sam3x8e_gcc_rel.a(adc.o)
                0x000816d2                adc_disable_interrupt
 *fill*         0x000816d6        0x2 00
 .text.UDD_SetStack
                0x000816d8        0xc C:/Users/F/Applications/Arduino/hardware/arduino/sam/variants/arduino_due_x/libsam_sam3x8e_gcc_rel.a(uotghs_device.o)
                0x000816d8                UDD_SetStack
 .text.UDD_Init
                0x000816e4       0xd0 C:/Users/F/Applications/Arduino/hardware/arduino/sam/variants/arduino_due_x/libsam_sam3x8e_gcc_rel.a(uotghs_device.o)
                0x000816e4                UDD_Init
 .text.UDD_Attach
                0x000817b4       0x4c C:/Users/F/Applications/Arduino/hardware/arduino/sam/variants/arduino_due_x/libsam_sam3x8e_gcc_rel.a(uotghs_device.o)
                0x000817b4                UDD_Attach
 .text.UDD_InitEP
                0x00081800       0x30 C:/Users/F/Applications/Arduino/hardware/arduino/sam/variants/arduino_due_x/libsam_sam3x8e_gcc_rel.a(uotghs_device.o)
                0x00081800                UDD_InitEP
 .text.UDD_InitEndpoints
                0x00081830       0x3c C:/Users/F/Applications/Arduino/hardware/arduino/sam/variants/arduino_due_x/libsam_sam3x8e_gcc_rel.a(uotghs_device.o)
                0x00081830                UDD_InitEndpoints
 .text.UDD_WaitIN
                0x0008186c       0x14 C:/Users/F/Applications/Arduino/hardware/arduino/sam/variants/arduino_due_x/libsam_sam3x8e_gcc_rel.a(uotghs_device.o)
                0x0008186c                UDD_WaitIN
 .text.UDD_WaitOUT
                0x00081880       0x14 C:/Users/F/Applications/Arduino/hardware/arduino/sam/variants/arduino_due_x/libsam_sam3x8e_gcc_rel.a(uotghs_device.o)
                0x00081880                UDD_WaitOUT
 .text.UDD_ClearIN
                0x00081894       0x18 C:/Users/F/Applications/Arduino/hardware/arduino/sam/variants/arduino_due_x/libsam_sam3x8e_gcc_rel.a(uotghs_device.o)
                0x00081894                UDD_ClearIN
 .text.UDD_ClearOUT
                0x000818ac       0x18 C:/Users/F/Applications/Arduino/hardware/arduino/sam/variants/arduino_due_x/libsam_sam3x8e_gcc_rel.a(uotghs_device.o)
                0x000818ac                UDD_ClearOUT
 .text.UDD_ReceivedSetupInt
                0x000818c4       0x10 C:/Users/F/Applications/Arduino/hardware/arduino/sam/variants/arduino_due_x/libsam_sam3x8e_gcc_rel.a(uotghs_device.o)
                0x000818c4                UDD_ReceivedSetupInt
 .text.UDD_ClearSetupInt
                0x000818d4       0x10 C:/Users/F/Applications/Arduino/hardware/arduino/sam/variants/arduino_due_x/libsam_sam3x8e_gcc_rel.a(uotghs_device.o)
                0x000818d4                UDD_ClearSetupInt
 .text.UDD_Send
                0x000818e4       0x90 C:/Users/F/Applications/Arduino/hardware/arduino/sam/variants/arduino_due_x/libsam_sam3x8e_gcc_rel.a(uotghs_device.o)
                0x000818e4                UDD_Send
 .text.UDD_Send8
                0x00081974       0x28 C:/Users/F/Applications/Arduino/hardware/arduino/sam/variants/arduino_due_x/libsam_sam3x8e_gcc_rel.a(uotghs_device.o)
                0x00081974                UDD_Send8
 .text.UDD_Recv8
                0x0008199c       0x28 C:/Users/F/Applications/Arduino/hardware/arduino/sam/variants/arduino_due_x/libsam_sam3x8e_gcc_rel.a(uotghs_device.o)
                0x0008199c                UDD_Recv8
 .text.UDD_Recv
                0x000819c4       0x34 C:/Users/F/Applications/Arduino/hardware/arduino/sam/variants/arduino_due_x/libsam_sam3x8e_gcc_rel.a(uotghs_device.o)
                0x000819c4                UDD_Recv
 .text.UDD_Stall
                0x000819f8       0x14 C:/Users/F/Applications/Arduino/hardware/arduino/sam/variants/arduino_due_x/libsam_sam3x8e_gcc_rel.a(uotghs_device.o)
                0x000819f8                UDD_Stall
 .text.UDD_FifoByteCount
                0x00081a0c       0x1c C:/Users/F/Applications/Arduino/hardware/arduino/sam/variants/arduino_due_x/libsam_sam3x8e_gcc_rel.a(uotghs_device.o)
                0x00081a0c                UDD_FifoByteCount
 .text.UDD_ReleaseRX
                0x00081a28       0x2c C:/Users/F/Applications/Arduino/hardware/arduino/sam/variants/arduino_due_x/libsam_sam3x8e_gcc_rel.a(uotghs_device.o)
                0x00081a28                UDD_ReleaseRX
 .text.UDD_ReleaseTX
                0x00081a54       0x2c C:/Users/F/Applications/Arduino/hardware/arduino/sam/variants/arduino_due_x/libsam_sam3x8e_gcc_rel.a(uotghs_device.o)
                0x00081a54                UDD_ReleaseTX
 .text.UDD_SetAddress
                0x00081a80       0x20 C:/Users/F/Applications/Arduino/hardware/arduino/sam/variants/arduino_due_x/libsam_sam3x8e_gcc_rel.a(uotghs_device.o)
                0x00081a80                UDD_SetAddress
 .text          0x00081aa0       0x50 c:/users/f/applications/arduino/hardware/tools/g++_arm_none_eabi/bin/../lib/gcc/arm-none-eabi/4.4.1/../../../../arm-none-eabi/lib/thumb2\libc.a(lib_a-init.o)
                0x00081aa0                __libc_init_array
 .text          0x00081af0       0xd4 c:/users/f/applications/arduino/hardware/tools/g++_arm_none_eabi/bin/../lib/gcc/arm-none-eabi/4.4.1/../../../../arm-none-eabi/lib/thumb2\libc.a(lib_a-memset.o)
                0x00081af0                memset
 *(.glue_7t)
 .glue_7t       0x00000000        0x0 linker stubs
 *(.glue_7)
 .glue_7        0x00000000        0x0 linker stubs
 *(.rodata .rodata* .gnu.linkonce.r.*)
 .rodata.g_APinDescription
                0x00081bc4      0xa2c C:/Users/F/workspace/FSXP_Project/FSXP_Proxy/Release/arduino.ar(variant.cpp.o)
                0x00081bc4                g_APinDescription
 .rodata._ZTV9UARTClass
                0x000825f0       0x30 C:/Users/F/workspace/FSXP_Project/FSXP_Proxy/Release/arduino.ar(UARTClass.cpp.o)
                0x000825f0                vtable for UARTClass
 .rodata._ZTV10USARTClass
                0x00082620       0x30 C:/Users/F/workspace/FSXP_Project/FSXP_Proxy/Release/arduino.ar(USARTClass.cpp.o)
                0x00082620                vtable for USARTClass
 .rodata.USB_DeviceDescriptorA
                0x00082650       0x14 C:/Users/F/workspace/FSXP_Project/FSXP_Proxy/Release/arduino.ar(USBCore.cpp.o)
                0x00082650                USB_DeviceDescriptorA
 .rodata.USB_DeviceDescriptor
                0x00082664       0x14 C:/Users/F/workspace/FSXP_Project/FSXP_Proxy/Release/arduino.ar(USBCore.cpp.o)
                0x00082664                USB_DeviceDescriptor
 .rodata._ZL9EndPoints
                0x00082678       0x14 C:/Users/F/workspace/FSXP_Project/FSXP_Proxy/Release/arduino.ar(USBCore.cpp.o)
 .rodata.STRING_LANGUAGE
                0x0008268c        0x4 C:/Users/F/workspace/FSXP_Project/FSXP_Proxy/Release/arduino.ar(USBCore.cpp.o)
                0x0008268c                STRING_LANGUAGE
 .rodata._ZL18test_packet_buffer
                0x00082690       0x38 C:/Users/F/workspace/FSXP_Project/FSXP_Proxy/Release/arduino.ar(USBCore.cpp.o)
 .rodata.STRING_PRODUCT
                0x000826c8        0xc C:/Users/F/workspace/FSXP_Project/FSXP_Proxy/Release/arduino.ar(USBCore.cpp.o)
                0x000826c8                STRING_PRODUCT
 .rodata.STRING_MANUFACTURER
                0x000826d4        0xc C:/Users/F/workspace/FSXP_Project/FSXP_Proxy/Release/arduino.ar(USBCore.cpp.o)
                0x000826d4                STRING_MANUFACTURER
 .rodata._ZL19USB_DeviceQualifier
                0x000826e0       0x14 C:/Users/F/workspace/FSXP_Project/FSXP_Proxy/Release/arduino.ar(USBCore.cpp.o)
 *fill*         0x000826f4        0x4 00
 .rodata._ZTV7Serial_
                0x000826f8       0x28 C:/Users/F/workspace/FSXP_Project/FSXP_Proxy/Release/arduino.ar(CDC.cpp.o)
                0x000826f8                vtable for Serial_
 .rodata._ZL18_cdcOtherInterface
                0x00082720       0x44 C:/Users/F/workspace/FSXP_Project/FSXP_Proxy/Release/arduino.ar(CDC.cpp.o)
 .rodata._ZL13_cdcInterface
                0x00082764       0x44 C:/Users/F/workspace/FSXP_Project/FSXP_Proxy/Release/arduino.ar(CDC.cpp.o)
 .rodata._ZTV9Keyboard_
                0x000827a8       0x20 C:/Users/F/workspace/FSXP_Project/FSXP_Proxy/Release/arduino.ar(HID.cpp.o)
                0x000827a8                vtable for Keyboard_
 .rodata._asciimap
                0x000827c8       0x80 C:/Users/F/workspace/FSXP_Project/FSXP_Proxy/Release/arduino.ar(HID.cpp.o)
                0x000827c8                _asciimap
 .rodata._hidInterface
                0x00082848       0x1c C:/Users/F/workspace/FSXP_Project/FSXP_Proxy/Release/arduino.ar(HID.cpp.o)
                0x00082848                _hidInterface
 .rodata._hidReportDescriptor
                0x00082864       0x68 C:/Users/F/workspace/FSXP_Project/FSXP_Proxy/Release/arduino.ar(HID.cpp.o)
                0x00082864                _hidReportDescriptor
 .rodata.C.0.8141
                0x000828cc       0x40 C:/Users/F/Applications/Arduino/hardware/arduino/sam/variants/arduino_due_x/libsam_sam3x8e_gcc_rel.a(adc.o)
 *(.ARM.extab* .gnu.linkonce.armextab.*)
                0x0008290c                . = ALIGN (0x4)
 *(.init)
 .init          0x0008290c        0x4 c:/users/f/applications/arduino/hardware/tools/g++_arm_none_eabi/bin/../lib/gcc/arm-none-eabi/4.4.1/thumb2/crti.o
                0x0008290c                _init
 .init          0x00082910        0x8 c:/users/f/applications/arduino/hardware/tools/g++_arm_none_eabi/bin/../lib/gcc/arm-none-eabi/4.4.1/thumb2/crtn.o
                0x00082918                . = ALIGN (0x4)
                0x00082918                __preinit_array_start = .
 *(.preinit_array)
                0x00082918                __preinit_array_end = .
                0x00082918                . = ALIGN (0x4)
                0x00082918                __init_array_start = .
 *(SORT(.init_array.*))
 *(.init_array)
 .init_array    0x00082918        0x4 c:/users/f/applications/arduino/hardware/tools/g++_arm_none_eabi/bin/../lib/gcc/arm-none-eabi/4.4.1/thumb2/crtbegin.o
 .init_array    0x0008291c        0x4 C:/Users/F/workspace/FSXP_Project/FSXP_Proxy/Release/arduino.ar(variant.cpp.o)
 .init_array    0x00082920        0x4 C:/Users/F/workspace/FSXP_Project/FSXP_Proxy/Release/arduino.ar(USBCore.cpp.o)
 .init_array    0x00082924        0x4 C:/Users/F/workspace/FSXP_Project/FSXP_Proxy/Release/arduino.ar(CDC.cpp.o)
 .init_array    0x00082928        0x4 C:/Users/F/workspace/FSXP_Project/FSXP_Proxy/Release/arduino.ar(HID.cpp.o)
                0x0008292c                __init_array_end = .
                0x0008292c                . = ALIGN (0x4)
 *crtbegin.o(.ctors)
 *(EXCLUDE_FILE(*crtend.o) .ctors)
 *(SORT(.ctors.*))
 *crtend.o(.ctors)
                0x0008292c                . = ALIGN (0x4)
 *(.fini)
 .fini          0x0008292c        0x4 c:/users/f/applications/arduino/hardware/tools/g++_arm_none_eabi/bin/../lib/gcc/arm-none-eabi/4.4.1/thumb2/crti.o
                0x0008292c                _fini
 .fini          0x00082930        0x8 c:/users/f/applications/arduino/hardware/tools/g++_arm_none_eabi/bin/../lib/gcc/arm-none-eabi/4.4.1/thumb2/crtn.o
                0x00082938                . = ALIGN (0x4)
                0x00082938                __fini_array_start = .
 *(.fini_array)
 .fini_array    0x00082938        0x4 c:/users/f/applications/arduino/hardware/tools/g++_arm_none_eabi/bin/../lib/gcc/arm-none-eabi/4.4.1/thumb2/crtbegin.o
 *(SORT(.fini_array.*))
                0x0008293c                __fini_array_end = .
 *crtbegin.o(.dtors)
 *(EXCLUDE_FILE(*crtend.o) .dtors)
 *(SORT(.dtors.*))
 *crtend.o(.dtors)
                0x0008293c                . = ALIGN (0x4)
                0x0008293c                _efixed = .
                0x0008293c                PROVIDE (__exidx_start, .)

.jcr            0x0008293c        0x0
 .jcr           0x0008293c        0x0 c:/users/f/applications/arduino/hardware/tools/g++_arm_none_eabi/bin/../lib/gcc/arm-none-eabi/4.4.1/thumb2/crtbegin.o

.vfp11_veneer   0x0008293c        0x0
 .vfp11_veneer  0x00000000        0x0 linker stubs

.v4_bx          0x0008293c        0x0
 .v4_bx         0x00000000        0x0 linker stubs

.ARM.exidx
 *(.ARM.exidx* .gnu.linkonce.armexidx.*)
                0x0008293c                PROVIDE (__exidx_end, .)
                0x0008293c                . = ALIGN (0x4)
                0x0008293c                _etext = .

.relocate       0x20070000       0x4c load address 0x0008293c
                0x20070000                . = ALIGN (0x4)
                0x20070000                _srelocate = .
 *(.ramfunc .ramfunc.*)
 .ramfunc       0x20070000       0x34 C:/Users/F/workspace/FSXP_Project/FSXP_Proxy/Release/arduino.ar(Reset.cpp.o)
                0x20070000                banzai
 *(.data .data.*)
 .data._ZL5ticks
                0x20070034        0x4 C:/Users/F/workspace/FSXP_Project/FSXP_Proxy/Release/arduino.ar(Reset.cpp.o)
 .data._ZL12_usbLineInfo
                0x20070038        0x8 C:/Users/F/workspace/FSXP_Project/FSXP_Proxy/Release/arduino.ar(CDC.cpp.o)
 .data._hid_protocol
                0x20070040        0x1 C:/Users/F/workspace/FSXP_Project/FSXP_Proxy/Release/arduino.ar(HID.cpp.o)
                0x20070040                _hid_protocol
 .data._hid_idle
                0x20070041        0x1 C:/Users/F/workspace/FSXP_Project/FSXP_Proxy/Release/arduino.ar(HID.cpp.o)
                0x20070041                _hid_idle
 *fill*         0x20070042        0x2 00
 .data.SystemCoreClock
                0x20070044        0x4 C:/Users/F/Applications/Arduino/hardware/arduino/sam/variants/arduino_due_x/libsam_sam3x8e_gcc_rel.a(system_sam3xa.o)
                0x20070044                SystemCoreClock
 .data.g_interrupt_enabled
                0x20070048        0x4 C:/Users/F/Applications/Arduino/hardware/arduino/sam/variants/arduino_due_x/libsam_sam3x8e_gcc_rel.a(interrupt_sam_nvic.o)
                0x20070048                g_interrupt_enabled
                0x2007004c                . = ALIGN (0x4)
                0x2007004c                _erelocate = .

.bss            0x2007004c      0x6a4 load address 0x00082988
                0x2007004c                . = ALIGN (0x4)
                0x2007004c                _sbss = .
                0x2007004c                _szero = .
 *(.bss .bss.*)
 .bss           0x2007004c        0x1 c:/users/f/applications/arduino/hardware/tools/g++_arm_none_eabi/bin/../lib/gcc/arm-none-eabi/4.4.1/thumb2/crtbegin.o
 *fill*         0x2007004d        0x3 00
 .bss.gpf_isr   0x20070050        0x4 C:/Users/F/Applications/Arduino/hardware/arduino/sam/variants/arduino_due_x/libsam_sam3x8e_gcc_rel.a(uotghs.o)
                0x20070050                gpf_isr
 .bss.Serial    0x20070054       0x20 C:/Users/F/workspace/FSXP_Project/FSXP_Proxy/Release/arduino.ar(variant.cpp.o)
                0x20070054                Serial
 .bss.rx_buffer1
                0x20070074       0x48 C:/Users/F/workspace/FSXP_Project/FSXP_Proxy/Release/arduino.ar(variant.cpp.o)
                0x20070074                rx_buffer1
 .bss.Serial1   0x200700bc       0x20 C:/Users/F/workspace/FSXP_Project/FSXP_Proxy/Release/arduino.ar(variant.cpp.o)
                0x200700bc                Serial1
 .bss.Serial2   0x200700dc       0x20 C:/Users/F/workspace/FSXP_Project/FSXP_Proxy/Release/arduino.ar(variant.cpp.o)
                0x200700dc                Serial2
 .bss.Serial3   0x200700fc       0x20 C:/Users/F/workspace/FSXP_Project/FSXP_Proxy/Release/arduino.ar(variant.cpp.o)
                0x200700fc                Serial3
 .bss.rx_buffer2
                0x2007011c       0x48 C:/Users/F/workspace/FSXP_Project/FSXP_Proxy/Release/arduino.ar(variant.cpp.o)
                0x2007011c                rx_buffer2
 .bss.rx_buffer3
                0x20070164       0x48 C:/Users/F/workspace/FSXP_Project/FSXP_Proxy/Release/arduino.ar(variant.cpp.o)
                0x20070164                rx_buffer3
 .bss.rx_buffer4
                0x200701ac       0x48 C:/Users/F/workspace/FSXP_Project/FSXP_Proxy/Release/arduino.ar(variant.cpp.o)
                0x200701ac                rx_buffer4
 .bss.callbacksPioA
                0x200701f4       0x80 C:/Users/F/workspace/FSXP_Project/FSXP_Proxy/Release/arduino.ar(WInterrupts.c.o)
 .bss.callbacksPioB
                0x20070274       0x80 C:/Users/F/workspace/FSXP_Project/FSXP_Proxy/Release/arduino.ar(WInterrupts.c.o)
 .bss.callbacksPioC
                0x200702f4       0x80 C:/Users/F/workspace/FSXP_Project/FSXP_Proxy/Release/arduino.ar(WInterrupts.c.o)
 .bss.callbacksPioD
                0x20070374       0x80 C:/Users/F/workspace/FSXP_Project/FSXP_Proxy/Release/arduino.ar(WInterrupts.c.o)
 .bss.pinEnabled
                0x200703f4       0x50 C:/Users/F/workspace/FSXP_Project/FSXP_Proxy/Release/arduino.ar(wiring_analog.c.o)
 .bss._ZL14isEndpointHalt
                0x20070444        0x1 C:/Users/F/workspace/FSXP_Project/FSXP_Proxy/Release/arduino.ar(USBCore.cpp.o)
 *fill*         0x20070445        0x3 00
 .bss._cmark    0x20070448        0x4 C:/Users/F/workspace/FSXP_Project/FSXP_Proxy/Release/arduino.ar(USBCore.cpp.o)
                0x20070448                _cmark
 .bss._cend     0x2007044c        0x4 C:/Users/F/workspace/FSXP_Project/FSXP_Proxy/Release/arduino.ar(USBCore.cpp.o)
                0x2007044c                _cend
 .bss._cdcComposite
                0x20070450        0x4 C:/Users/F/workspace/FSXP_Project/FSXP_Proxy/Release/arduino.ar(USBCore.cpp.o)
                0x20070450                _cdcComposite
 .bss._usbInitialized
                0x20070454        0x4 C:/Users/F/workspace/FSXP_Project/FSXP_Proxy/Release/arduino.ar(USBCore.cpp.o)
                0x20070454                _usbInitialized
 .bss.USBDevice
                0x20070458        0x4 C:/Users/F/workspace/FSXP_Project/FSXP_Proxy/Release/arduino.ar(USBCore.cpp.o)
                0x20070458                USBDevice
 .bss._usbSetInterface
                0x2007045c        0x4 C:/Users/F/workspace/FSXP_Project/FSXP_Proxy/Release/arduino.ar(USBCore.cpp.o)
                0x2007045c                _usbSetInterface
 .bss._ZL21isRemoteWakeUpEnabled
                0x20070460        0x1 C:/Users/F/workspace/FSXP_Project/FSXP_Proxy/Release/arduino.ar(USBCore.cpp.o)
 *fill*         0x20070461        0x3 00
 .bss._usbConfiguration
                0x20070464        0x4 C:/Users/F/workspace/FSXP_Project/FSXP_Proxy/Release/arduino.ar(USBCore.cpp.o)
                0x20070464                _usbConfiguration
 .bss.cdc_rx_buffer
                0x20070468      0x208 C:/Users/F/workspace/FSXP_Project/FSXP_Proxy/Release/arduino.ar(CDC.cpp.o)
                0x20070468                cdc_rx_buffer
 .bss._ZZN7Serial_6acceptEvE5guard
                0x20070670        0x4 C:/Users/F/workspace/FSXP_Project/FSXP_Proxy/Release/arduino.ar(CDC.cpp.o)
 .bss.SerialUSB
                0x20070674       0x14 C:/Users/F/workspace/FSXP_Project/FSXP_Proxy/Release/arduino.ar(CDC.cpp.o)
                0x20070674                SerialUSB
 .bss.Mouse     0x20070688        0x4 C:/Users/F/workspace/FSXP_Project/FSXP_Proxy/Release/arduino.ar(HID.cpp.o)
                0x20070688                Mouse
 .bss.Keyboard  0x2007068c       0x10 C:/Users/F/workspace/FSXP_Project/FSXP_Proxy/Release/arduino.ar(HID.cpp.o)
                0x2007068c                Keyboard
 .bss._dwTickCount
                0x2007069c        0x4 C:/Users/F/Applications/Arduino/hardware/arduino/sam/variants/arduino_due_x/libsam_sam3x8e_gcc_rel.a(timetick.o)
 .bss.ul_recv_fifo_ptr
                0x200706a0       0x28 C:/Users/F/Applications/Arduino/hardware/arduino/sam/variants/arduino_due_x/libsam_sam3x8e_gcc_rel.a(uotghs_device.o)
 .bss.ul_send_fifo_ptr
                0x200706c8       0x28 C:/Users/F/Applications/Arduino/hardware/arduino/sam/variants/arduino_due_x/libsam_sam3x8e_gcc_rel.a(uotghs_device.o)
 *(COMMON)
                0x200706f0                . = ALIGN (0x4)
                0x200706f0                _ebss = .
                0x200706f0                _ezero = .
                0x200706f0                . = ALIGN (0x4)
                0x200706f0                _end = .

.stack_dummy    0x200706f0        0x0
 *(.stack*)
                0x20088000                __StackTop = 0x20088000
                0x20088000                __StackLimit = (__StackTop - SIZEOF (.stack_dummy))
                0x20088000                PROVIDE (_sstack, __StackLimit)
                0x20088000                PROVIDE (_estack, __StackTop)
OUTPUT(C:/Users/F/workspace/FSXP_Project/FSXP_Proxy/Release/FSXP_Proxy.elf elf32-littlearm)

.ARM.attributes
                0x00000000       0x25
 .ARM.attributes
                0x00000000       0x19 c:/users/f/applications/arduino/hardware/tools/g++_arm_none_eabi/bin/../lib/gcc/arm-none-eabi/4.4.1/thumb2/crti.o
 .ARM.attributes
                0x00000019       0x29 c:/users/f/applications/arduino/hardware/tools/g++_arm_none_eabi/bin/../lib/gcc/arm-none-eabi/4.4.1/thumb2/crtbegin.o
 .ARM.attributes
                0x00000042       0x31 C:/Users/F/workspace/FSXP_Project/FSXP_Proxy/Release/arduino/syscalls_sam3.c.o
 .ARM.attributes
                0x00000073       0x31 ./FSXP_Proxy.cpp.o
 .ARM.attributes
                0x000000a4       0x31 C:/Users/F/Applications/Arduino/hardware/arduino/sam/variants/arduino_due_x/libsam_sam3x8e_gcc_rel.a(startup_sam3xa.o)
 .ARM.attributes
                0x000000d5       0x31 C:/Users/F/Applications/Arduino/hardware/arduino/sam/variants/arduino_due_x/libsam_sam3x8e_gcc_rel.a(uotghs.o)
 .ARM.attributes
                0x00000106       0x31 C:/Users/F/workspace/FSXP_Project/FSXP_Proxy/Release/arduino.ar(variant.cpp.o)
 .ARM.attributes
                0x00000137       0x31 C:/Users/F/workspace/FSXP_Project/FSXP_Proxy/Release/arduino.ar(RingBuffer.cpp.o)
 .ARM.attributes
                0x00000168       0x31 C:/Users/F/workspace/FSXP_Project/FSXP_Proxy/Release/arduino.ar(UARTClass.cpp.o)
 .ARM.attributes
                0x00000199       0x31 C:/Users/F/workspace/FSXP_Project/FSXP_Proxy/Release/arduino.ar(USARTClass.cpp.o)
 .ARM.attributes
                0x000001ca       0x31 C:/Users/F/workspace/FSXP_Project/FSXP_Proxy/Release/arduino.ar(WInterrupts.c.o)
 .ARM.attributes
                0x000001fb       0x31 C:/Users/F/workspace/FSXP_Project/FSXP_Proxy/Release/arduino.ar(cortex_handlers.c.o)
 .ARM.attributes
                0x0000022c       0x31 C:/Users/F/workspace/FSXP_Project/FSXP_Proxy/Release/arduino.ar(cxxabi-compat.cpp.o)
 .ARM.attributes
                0x0000025d       0x31 C:/Users/F/workspace/FSXP_Project/FSXP_Proxy/Release/arduino.ar(hooks.c.o)
 .ARM.attributes
                0x0000028e       0x31 C:/Users/F/workspace/FSXP_Project/FSXP_Proxy/Release/arduino.ar(main.cpp.o)
 .ARM.attributes
                0x000002bf       0x31 C:/Users/F/workspace/FSXP_Project/FSXP_Proxy/Release/arduino.ar(wiring.c.o)
 .ARM.attributes
                0x000002f0       0x31 C:/Users/F/workspace/FSXP_Project/FSXP_Proxy/Release/arduino.ar(wiring_analog.c.o)
 .ARM.attributes
                0x00000321       0x31 C:/Users/F/workspace/FSXP_Project/FSXP_Proxy/Release/arduino.ar(wiring_digital.c.o)
 .ARM.attributes
                0x00000352       0x31 C:/Users/F/workspace/FSXP_Project/FSXP_Proxy/Release/arduino.ar(USBCore.cpp.o)
 .ARM.attributes
                0x00000383       0x31 C:/Users/F/workspace/FSXP_Project/FSXP_Proxy/Release/arduino.ar(Print.cpp.o)
 .ARM.attributes
                0x000003b4       0x31 C:/Users/F/workspace/FSXP_Project/FSXP_Proxy/Release/arduino.ar(Reset.cpp.o)
 .ARM.attributes
                0x000003e5       0x31 C:/Users/F/workspace/FSXP_Project/FSXP_Proxy/Release/arduino.ar(CDC.cpp.o)
 .ARM.attributes
                0x00000416       0x31 C:/Users/F/workspace/FSXP_Project/FSXP_Proxy/Release/arduino.ar(HID.cpp.o)
 .ARM.attributes
                0x00000447       0x31 C:/Users/F/Applications/Arduino/hardware/arduino/sam/variants/arduino_due_x/libsam_sam3x8e_gcc_rel.a(pio.o)
 .ARM.attributes
                0x00000478       0x31 C:/Users/F/Applications/Arduino/hardware/arduino/sam/variants/arduino_due_x/libsam_sam3x8e_gcc_rel.a(pmc.o)
 .ARM.attributes
                0x000004a9       0x31 C:/Users/F/Applications/Arduino/hardware/arduino/sam/variants/arduino_due_x/libsam_sam3x8e_gcc_rel.a(pwmc.o)
 .ARM.attributes
                0x000004da       0x31 C:/Users/F/Applications/Arduino/hardware/arduino/sam/variants/arduino_due_x/libsam_sam3x8e_gcc_rel.a(tc.o)
 .ARM.attributes
                0x0000050b       0x31 C:/Users/F/Applications/Arduino/hardware/arduino/sam/variants/arduino_due_x/libsam_sam3x8e_gcc_rel.a(timetick.o)
 .ARM.attributes
                0x0000053c       0x31 C:/Users/F/Applications/Arduino/hardware/arduino/sam/variants/arduino_due_x/libsam_sam3x8e_gcc_rel.a(wdt.o)
 .ARM.attributes
                0x0000056d       0x31 C:/Users/F/Applications/Arduino/hardware/arduino/sam/variants/arduino_due_x/libsam_sam3x8e_gcc_rel.a(system_sam3xa.o)
 .ARM.attributes
                0x0000059e       0x31 C:/Users/F/Applications/Arduino/hardware/arduino/sam/variants/arduino_due_x/libsam_sam3x8e_gcc_rel.a(adc.o)
 .ARM.attributes
                0x000005cf       0x31 C:/Users/F/Applications/Arduino/hardware/arduino/sam/variants/arduino_due_x/libsam_sam3x8e_gcc_rel.a(interrupt_sam_nvic.o)
 .ARM.attributes
                0x00000600       0x31 C:/Users/F/Applications/Arduino/hardware/arduino/sam/variants/arduino_due_x/libsam_sam3x8e_gcc_rel.a(uotghs_device.o)
 .ARM.attributes
                0x00000631       0x31 C:/Users/F/Applications/Arduino/hardware/arduino/sam/variants/arduino_due_x/libsam_sam3x8e_gcc_rel.a(dacc.o)
 .ARM.attributes
                0x00000662       0x29 c:/users/f/applications/arduino/hardware/tools/g++_arm_none_eabi/bin/../lib/gcc/arm-none-eabi/4.4.1/../../../../arm-none-eabi/lib/thumb2\libm.a(lib_a-s_isinfd.o)
 .ARM.attributes
                0x0000068b       0x29 c:/users/f/applications/arduino/hardware/tools/g++_arm_none_eabi/bin/../lib/gcc/arm-none-eabi/4.4.1/../../../../arm-none-eabi/lib/thumb2\libm.a(lib_a-s_isnand.o)
 .ARM.attributes
                0x000006b4       0x1b c:/users/f/applications/arduino/hardware/tools/g++_arm_none_eabi/bin/../lib/gcc/arm-none-eabi/4.4.1/thumb2\libgcc.a(_arm_addsubdf3.o)
 .ARM.attributes
                0x000006cf       0x1b c:/users/f/applications/arduino/hardware/tools/g++_arm_none_eabi/bin/../lib/gcc/arm-none-eabi/4.4.1/thumb2\libgcc.a(_arm_muldivdf3.o)
 .ARM.attributes
                0x000006ea       0x1b c:/users/f/applications/arduino/hardware/tools/g++_arm_none_eabi/bin/../lib/gcc/arm-none-eabi/4.4.1/thumb2\libgcc.a(_arm_cmpdf2.o)
 .ARM.attributes
                0x00000705       0x1b c:/users/f/applications/arduino/hardware/tools/g++_arm_none_eabi/bin/../lib/gcc/arm-none-eabi/4.4.1/thumb2\libgcc.a(_arm_fixdfsi.o)
 .ARM.attributes
                0x00000720       0x1b c:/users/f/applications/arduino/hardware/tools/g++_arm_none_eabi/bin/../lib/gcc/arm-none-eabi/4.4.1/thumb2\libgcc.a(_arm_fixunsdfsi.o)
 .ARM.attributes
                0x0000073b       0x29 c:/users/f/applications/arduino/hardware/tools/g++_arm_none_eabi/bin/../lib/gcc/arm-none-eabi/4.4.1/../../../../arm-none-eabi/lib/thumb2\libc.a(lib_a-assert.o)
 .ARM.attributes
                0x00000764       0x29 c:/users/f/applications/arduino/hardware/tools/g++_arm_none_eabi/bin/../lib/gcc/arm-none-eabi/4.4.1/../../../../arm-none-eabi/lib/thumb2\libc.a(lib_a-fiprintf.o)
 .ARM.attributes
                0x0000078d       0x29 c:/users/f/applications/arduino/hardware/tools/g++_arm_none_eabi/bin/../lib/gcc/arm-none-eabi/4.4.1/../../../../arm-none-eabi/lib/thumb2\libc.a(lib_a-impure.o)
 .ARM.attributes
                0x000007b6       0x29 c:/users/f/applications/arduino/hardware/tools/g++_arm_none_eabi/bin/../lib/gcc/arm-none-eabi/4.4.1/../../../../arm-none-eabi/lib/thumb2\libc.a(lib_a-init.o)
 .ARM.attributes
                0x000007df       0x29 c:/users/f/applications/arduino/hardware/tools/g++_arm_none_eabi/bin/../lib/gcc/arm-none-eabi/4.4.1/../../../../arm-none-eabi/lib/thumb2\libc.a(lib_a-iprintf.o)
 .ARM.attributes
                0x00000808       0x29 c:/users/f/applications/arduino/hardware/tools/g++_arm_none_eabi/bin/../lib/gcc/arm-none-eabi/4.4.1/../../../../arm-none-eabi/lib/thumb2\libc.a(lib_a-memset.o)
 .ARM.attributes
                0x00000831       0x29 c:/users/f/applications/arduino/hardware/tools/g++_arm_none_eabi/bin/../lib/gcc/arm-none-eabi/4.4.1/../../../../arm-none-eabi/lib/thumb2\libc.a(lib_a-strlen.o)
 .ARM.attributes
                0x0000085a       0x29 c:/users/f/applications/arduino/hardware/tools/g++_arm_none_eabi/bin/../lib/gcc/arm-none-eabi/4.4.1/../../../../arm-none-eabi/lib/thumb2\libc.a(lib_a-vfiprintf.o)
 .ARM.attributes
                0x00000883       0x29 c:/users/f/applications/arduino/hardware/tools/g++_arm_none_eabi/bin/../lib/gcc/arm-none-eabi/4.4.1/../../../../arm-none-eabi/lib/thumb2\libc.a(lib_a-wsetup.o)
 .ARM.attributes
                0x000008ac       0x29 c:/users/f/applications/arduino/hardware/tools/g++_arm_none_eabi/bin/../lib/gcc/arm-none-eabi/4.4.1/../../../../arm-none-eabi/lib/thumb2\libc.a(lib_a-abort.o)
 .ARM.attributes
                0x000008d5       0x29 c:/users/f/applications/arduino/hardware/tools/g++_arm_none_eabi/bin/../lib/gcc/arm-none-eabi/4.4.1/../../../../arm-none-eabi/lib/thumb2\libc.a(lib_a-fflush.o)
 .ARM.attributes
                0x000008fe       0x29 c:/users/f/applications/arduino/hardware/tools/g++_arm_none_eabi/bin/../lib/gcc/arm-none-eabi/4.4.1/../../../../arm-none-eabi/lib/thumb2\libc.a(lib_a-findfp.o)
 .ARM.attributes
                0x00000927       0x29 c:/users/f/applications/arduino/hardware/tools/g++_arm_none_eabi/bin/../lib/gcc/arm-none-eabi/4.4.1/../../../../arm-none-eabi/lib/thumb2\libc.a(lib_a-freer.o)
 .ARM.attributes
                0x00000950       0x29 c:/users/f/applications/arduino/hardware/tools/g++_arm_none_eabi/bin/../lib/gcc/arm-none-eabi/4.4.1/../../../../arm-none-eabi/lib/thumb2\libc.a(lib_a-fvwrite.o)
 .ARM.attributes
                0x00000979       0x29 c:/users/f/applications/arduino/hardware/tools/g++_arm_none_eabi/bin/../lib/gcc/arm-none-eabi/4.4.1/../../../../arm-none-eabi/lib/thumb2\libc.a(lib_a-fwalk.o)
 .ARM.attributes
                0x000009a2       0x29 c:/users/f/applications/arduino/hardware/tools/g++_arm_none_eabi/bin/../lib/gcc/arm-none-eabi/4.4.1/../../../../arm-none-eabi/lib/thumb2\libc.a(lib_a-makebuf.o)
 .ARM.attributes
                0x000009cb       0x29 c:/users/f/applications/arduino/hardware/tools/g++_arm_none_eabi/bin/../lib/gcc/arm-none-eabi/4.4.1/../../../../arm-none-eabi/lib/thumb2\libc.a(lib_a-mallocr.o)
 .ARM.attributes
                0x000009f4       0x29 c:/users/f/applications/arduino/hardware/tools/g++_arm_none_eabi/bin/../lib/gcc/arm-none-eabi/4.4.1/../../../../arm-none-eabi/lib/thumb2\libc.a(lib_a-memchr.o)
 .ARM.attributes
                0x00000a1d       0x29 c:/users/f/applications/arduino/hardware/tools/g++_arm_none_eabi/bin/../lib/gcc/arm-none-eabi/4.4.1/../../../../arm-none-eabi/lib/thumb2\libc.a(lib_a-memcpy.o)
 .ARM.attributes
                0x00000a46       0x29 c:/users/f/applications/arduino/hardware/tools/g++_arm_none_eabi/bin/../lib/gcc/arm-none-eabi/4.4.1/../../../../arm-none-eabi/lib/thumb2\libc.a(lib_a-memmove.o)
 .ARM.attributes
                0x00000a6f       0x29 c:/users/f/applications/arduino/hardware/tools/g++_arm_none_eabi/bin/../lib/gcc/arm-none-eabi/4.4.1/../../../../arm-none-eabi/lib/thumb2\libc.a(lib_a-mlock.o)
 .ARM.attributes
                0x00000a98       0x29 c:/users/f/applications/arduino/hardware/tools/g++_arm_none_eabi/bin/../lib/gcc/arm-none-eabi/4.4.1/../../../../arm-none-eabi/lib/thumb2\libc.a(lib_a-reallocr.o)
 .ARM.attributes
                0x00000ac1       0x29 c:/users/f/applications/arduino/hardware/tools/g++_arm_none_eabi/bin/../lib/gcc/arm-none-eabi/4.4.1/../../../../arm-none-eabi/lib/thumb2\libc.a(lib_a-sbrkr.o)
 .ARM.attributes
                0x00000aea       0x29 c:/users/f/applications/arduino/hardware/tools/g++_arm_none_eabi/bin/../lib/gcc/arm-none-eabi/4.4.1/../../../../arm-none-eabi/lib/thumb2\libc.a(lib_a-signal.o)
 .ARM.attributes
                0x00000b13       0x29 c:/users/f/applications/arduino/hardware/tools/g++_arm_none_eabi/bin/../lib/gcc/arm-none-eabi/4.4.1/../../../../arm-none-eabi/lib/thumb2\libc.a(lib_a-signalr.o)
 .ARM.attributes
                0x00000b3c       0x29 c:/users/f/applications/arduino/hardware/tools/g++_arm_none_eabi/bin/../lib/gcc/arm-none-eabi/4.4.1/../../../../arm-none-eabi/lib/thumb2\libc.a(lib_a-stdio.o)
 .ARM.attributes
                0x00000b65       0x29 c:/users/f/applications/arduino/hardware/tools/g++_arm_none_eabi/bin/../lib/gcc/arm-none-eabi/4.4.1/../../../../arm-none-eabi/lib/thumb2\libc.a(lib_a-writer.o)
 .ARM.attributes
                0x00000b8e       0x29 c:/users/f/applications/arduino/hardware/tools/g++_arm_none_eabi/bin/../lib/gcc/arm-none-eabi/4.4.1/../../../../arm-none-eabi/lib/thumb2\libc.a(lib_a-closer.o)
 .ARM.attributes
                0x00000bb7       0x29 c:/users/f/applications/arduino/hardware/tools/g++_arm_none_eabi/bin/../lib/gcc/arm-none-eabi/4.4.1/../../../../arm-none-eabi/lib/thumb2\libc.a(lib_a-fclose.o)
 .ARM.attributes
                0x00000be0       0x29 c:/users/f/applications/arduino/hardware/tools/g++_arm_none_eabi/bin/../lib/gcc/arm-none-eabi/4.4.1/../../../../arm-none-eabi/lib/thumb2\libc.a(lib_a-fstatr.o)
 .ARM.attributes
                0x00000c09       0x29 c:/users/f/applications/arduino/hardware/tools/g++_arm_none_eabi/bin/../lib/gcc/arm-none-eabi/4.4.1/../../../../arm-none-eabi/lib/thumb2\libc.a(lib_a-isattyr.o)
 .ARM.attributes
                0x00000c32       0x29 c:/users/f/applications/arduino/hardware/tools/g++_arm_none_eabi/bin/../lib/gcc/arm-none-eabi/4.4.1/../../../../arm-none-eabi/lib/thumb2\libc.a(lib_a-lseekr.o)
 .ARM.attributes
                0x00000c5b       0x29 c:/users/f/applications/arduino/hardware/tools/g++_arm_none_eabi/bin/../lib/gcc/arm-none-eabi/4.4.1/../../../../arm-none-eabi/lib/thumb2\libc.a(lib_a-readr.o)
 .ARM.attributes
                0x00000c84       0x29 c:/users/f/applications/arduino/hardware/tools/g++_arm_none_eabi/bin/../lib/gcc/arm-none-eabi/4.4.1/../../../../arm-none-eabi/lib/thumb2\libc.a(lib_a-reent.o)
 .ARM.attributes
                0x00000cad       0x1b c:/users/f/applications/arduino/hardware/tools/g++_arm_none_eabi/bin/../lib/gcc/arm-none-eabi/4.4.1/thumb2\libgcc.a(_aeabi_uldivmod.o)
 .ARM.attributes
                0x00000cc8       0x29 c:/users/f/applications/arduino/hardware/tools/g++_arm_none_eabi/bin/../lib/gcc/arm-none-eabi/4.4.1/thumb2\libgcc.a(bpabi.o)
 .ARM.attributes
                0x00000cf1       0x1b c:/users/f/applications/arduino/hardware/tools/g++_arm_none_eabi/bin/../lib/gcc/arm-none-eabi/4.4.1/thumb2\libgcc.a(_dvmd_tls.o)
 .ARM.attributes
                0x00000d0c       0x29 c:/users/f/applications/arduino/hardware/tools/g++_arm_none_eabi/bin/../lib/gcc/arm-none-eabi/4.4.1/thumb2\libgcc.a(_divdi3.o)
 .ARM.attributes
                0x00000d35       0x29 c:/users/f/applications/arduino/hardware/tools/g++_arm_none_eabi/bin/../lib/gcc/arm-none-eabi/4.4.1/thumb2\libgcc.a(_udivdi3.o)
 .ARM.attributes
                0x00000d5e       0x1b c:/users/f/applications/arduino/hardware/tools/g++_arm_none_eabi/bin/../lib/gcc/arm-none-eabi/4.4.1/thumb2\libgcc.a(_udivsi3.o)
 .ARM.attributes
                0x00000d79       0x29 c:/users/f/applications/arduino/hardware/tools/g++_arm_none_eabi/bin/../lib/gcc/arm-none-eabi/4.4.1/thumb2/crtend.o
 .ARM.attributes
                0x00000da2       0x19 c:/users/f/applications/arduino/hardware/tools/g++_arm_none_eabi/bin/../lib/gcc/arm-none-eabi/4.4.1/thumb2/crtn.o

.comment        0x00000000      0x35b
 .comment       0x00000000       0x2b C:/Users/F/workspace/FSXP_Project/FSXP_Proxy/Release/arduino/syscalls_sam3.c.o
 .comment       0x0000002b       0x2b ./FSXP_Proxy.cpp.o
 .comment       0x00000056       0x2a C:/Users/F/Applications/Arduino/hardware/arduino/sam/variants/arduino_due_x/libsam_sam3x8e_gcc_rel.a(startup_sam3xa.o)
                                 0x2b (size before relaxing)
 .comment       0x00000000       0x2b C:/Users/F/Applications/Arduino/hardware/arduino/sam/variants/arduino_due_x/libsam_sam3x8e_gcc_rel.a(uotghs.o)
 .comment       0x00000080       0x2b C:/Users/F/workspace/FSXP_Project/FSXP_Proxy/Release/arduino.ar(variant.cpp.o)
 .comment       0x000000ab       0x2b C:/Users/F/workspace/FSXP_Project/FSXP_Proxy/Release/arduino.ar(RingBuffer.cpp.o)
 .comment       0x000000d6       0x2b C:/Users/F/workspace/FSXP_Project/FSXP_Proxy/Release/arduino.ar(UARTClass.cpp.o)
 .comment       0x00000101       0x2b C:/Users/F/workspace/FSXP_Project/FSXP_Proxy/Release/arduino.ar(USARTClass.cpp.o)
 .comment       0x0000012c       0x2b C:/Users/F/workspace/FSXP_Project/FSXP_Proxy/Release/arduino.ar(WInterrupts.c.o)
 .comment       0x00000157       0x2b C:/Users/F/workspace/FSXP_Project/FSXP_Proxy/Release/arduino.ar(cortex_handlers.c.o)
 .comment       0x00000182       0x2b C:/Users/F/workspace/FSXP_Project/FSXP_Proxy/Release/arduino.ar(cxxabi-compat.cpp.o)
 .comment       0x000001ad       0x2b C:/Users/F/workspace/FSXP_Project/FSXP_Proxy/Release/arduino.ar(hooks.c.o)
 .comment       0x000001d8       0x2b C:/Users/F/workspace/FSXP_Project/FSXP_Proxy/Release/arduino.ar(main.cpp.o)
 .comment       0x00000203       0x2b C:/Users/F/workspace/FSXP_Project/FSXP_Proxy/Release/arduino.ar(wiring.c.o)
 .comment       0x0000022e       0x2b C:/Users/F/workspace/FSXP_Project/FSXP_Proxy/Release/arduino.ar(wiring_analog.c.o)
 .comment       0x00000259       0x2b C:/Users/F/workspace/FSXP_Project/FSXP_Proxy/Release/arduino.ar(wiring_digital.c.o)
 .comment       0x00000284       0x2b C:/Users/F/workspace/FSXP_Project/FSXP_Proxy/Release/arduino.ar(USBCore.cpp.o)
 .comment       0x000002af       0x2b C:/Users/F/workspace/FSXP_Project/FSXP_Proxy/Release/arduino.ar(Print.cpp.o)
 .comment       0x000002da       0x2b C:/Users/F/workspace/FSXP_Project/FSXP_Proxy/Release/arduino.ar(Reset.cpp.o)
 .comment       0x00000305       0x2b C:/Users/F/workspace/FSXP_Project/FSXP_Proxy/Release/arduino.ar(CDC.cpp.o)
 .comment       0x00000330       0x2b C:/Users/F/workspace/FSXP_Project/FSXP_Proxy/Release/arduino.ar(HID.cpp.o)
 .comment       0x00000000       0x2b C:/Users/F/Applications/Arduino/hardware/arduino/sam/variants/arduino_due_x/libsam_sam3x8e_gcc_rel.a(pio.o)
 .comment       0x00000000       0x2b C:/Users/F/Applications/Arduino/hardware/arduino/sam/variants/arduino_due_x/libsam_sam3x8e_gcc_rel.a(pmc.o)
 .comment       0x00000000       0x2b C:/Users/F/Applications/Arduino/hardware/arduino/sam/variants/arduino_due_x/libsam_sam3x8e_gcc_rel.a(pwmc.o)
 .comment       0x00000000       0x2b C:/Users/F/Applications/Arduino/hardware/arduino/sam/variants/arduino_due_x/libsam_sam3x8e_gcc_rel.a(tc.o)
 .comment       0x00000000       0x2b C:/Users/F/Applications/Arduino/hardware/arduino/sam/variants/arduino_due_x/libsam_sam3x8e_gcc_rel.a(timetick.o)
 .comment       0x00000000       0x2b C:/Users/F/Applications/Arduino/hardware/arduino/sam/variants/arduino_due_x/libsam_sam3x8e_gcc_rel.a(wdt.o)
 .comment       0x00000000       0x2b C:/Users/F/Applications/Arduino/hardware/arduino/sam/variants/arduino_due_x/libsam_sam3x8e_gcc_rel.a(system_sam3xa.o)
 .comment       0x00000000       0x2b C:/Users/F/Applications/Arduino/hardware/arduino/sam/variants/arduino_due_x/libsam_sam3x8e_gcc_rel.a(adc.o)
 .comment       0x00000000       0x2b C:/Users/F/Applications/Arduino/hardware/arduino/sam/variants/arduino_due_x/libsam_sam3x8e_gcc_rel.a(interrupt_sam_nvic.o)
 .comment       0x00000000       0x2b C:/Users/F/Applications/Arduino/hardware/arduino/sam/variants/arduino_due_x/libsam_sam3x8e_gcc_rel.a(uotghs_device.o)
 .comment       0x00000000       0x2b C:/Users/F/Applications/Arduino/hardware/arduino/sam/variants/arduino_due_x/libsam_sam3x8e_gcc_rel.a(dacc.o)

.debug_abbrev   0x00000000     0x2a64
 .debug_abbrev  0x00000000      0x169 C:/Users/F/workspace/FSXP_Project/FSXP_Proxy/Release/arduino/syscalls_sam3.c.o
 .debug_abbrev  0x00000169       0xa3 ./FSXP_Proxy.cpp.o
 .debug_abbrev  0x0000020c      0x2a6 C:/Users/F/workspace/FSXP_Project/FSXP_Proxy/Release/arduino.ar(variant.cpp.o)
 .debug_abbrev  0x000004b2      0x139 C:/Users/F/workspace/FSXP_Project/FSXP_Proxy/Release/arduino.ar(RingBuffer.cpp.o)
 .debug_abbrev  0x000005eb      0x3dd C:/Users/F/workspace/FSXP_Project/FSXP_Proxy/Release/arduino.ar(UARTClass.cpp.o)
 .debug_abbrev  0x000009c8      0x3dd C:/Users/F/workspace/FSXP_Project/FSXP_Proxy/Release/arduino.ar(USARTClass.cpp.o)
 .debug_abbrev  0x00000da5      0x265 C:/Users/F/workspace/FSXP_Project/FSXP_Proxy/Release/arduino.ar(WInterrupts.c.o)
 .debug_abbrev  0x0000100a       0xc9 C:/Users/F/workspace/FSXP_Project/FSXP_Proxy/Release/arduino.ar(cortex_handlers.c.o)
 .debug_abbrev  0x000010d3       0x27 C:/Users/F/workspace/FSXP_Project/FSXP_Proxy/Release/arduino.ar(cxxabi-compat.cpp.o)
 .debug_abbrev  0x000010fa       0x43 C:/Users/F/workspace/FSXP_Project/FSXP_Proxy/Release/arduino.ar(hooks.c.o)
 .debug_abbrev  0x0000113d       0xff C:/Users/F/workspace/FSXP_Project/FSXP_Proxy/Release/arduino.ar(main.cpp.o)
 .debug_abbrev  0x0000123c      0x14c C:/Users/F/workspace/FSXP_Project/FSXP_Proxy/Release/arduino.ar(wiring.c.o)
 .debug_abbrev  0x00001388      0x28f C:/Users/F/workspace/FSXP_Project/FSXP_Proxy/Release/arduino.ar(wiring_analog.c.o)
 .debug_abbrev  0x00001617      0x146 C:/Users/F/workspace/FSXP_Project/FSXP_Proxy/Release/arduino.ar(wiring_digital.c.o)
 .debug_abbrev  0x0000175d      0x507 C:/Users/F/workspace/FSXP_Project/FSXP_Proxy/Release/arduino.ar(USBCore.cpp.o)
 .debug_abbrev  0x00001c64      0x33e C:/Users/F/workspace/FSXP_Project/FSXP_Proxy/Release/arduino.ar(Print.cpp.o)
 .debug_abbrev  0x00001fa2      0x146 C:/Users/F/workspace/FSXP_Project/FSXP_Proxy/Release/arduino.ar(Reset.cpp.o)
 .debug_abbrev  0x000020e8      0x4d6 C:/Users/F/workspace/FSXP_Project/FSXP_Proxy/Release/arduino.ar(CDC.cpp.o)
 .debug_abbrev  0x000025be      0x4a6 C:/Users/F/workspace/FSXP_Project/FSXP_Proxy/Release/arduino.ar(HID.cpp.o)

.debug_info     0x00000000     0xf6bb
 .debug_info    0x00000000      0x5fb C:/Users/F/workspace/FSXP_Project/FSXP_Proxy/Release/arduino/syscalls_sam3.c.o
 .debug_info    0x000005fb      0x216 ./FSXP_Proxy.cpp.o
 .debug_info    0x00000811     0x1288 C:/Users/F/workspace/FSXP_Project/FSXP_Proxy/Release/arduino.ar(variant.cpp.o)
 .debug_info    0x00001a99      0x195 C:/Users/F/workspace/FSXP_Project/FSXP_Proxy/Release/arduino.ar(RingBuffer.cpp.o)
 .debug_info    0x00001c2e     0x1b3c C:/Users/F/workspace/FSXP_Project/FSXP_Proxy/Release/arduino.ar(UARTClass.cpp.o)
 .debug_info    0x0000376a     0x1c24 C:/Users/F/workspace/FSXP_Project/FSXP_Proxy/Release/arduino.ar(USARTClass.cpp.o)
 .debug_info    0x0000538e     0x1161 C:/Users/F/workspace/FSXP_Project/FSXP_Proxy/Release/arduino.ar(WInterrupts.c.o)
 .debug_info    0x000064ef      0x233 C:/Users/F/workspace/FSXP_Project/FSXP_Proxy/Release/arduino.ar(cortex_handlers.c.o)
 .debug_info    0x00006722       0x38 C:/Users/F/workspace/FSXP_Project/FSXP_Proxy/Release/arduino.ar(cxxabi-compat.cpp.o)
 .debug_info    0x0000675a       0x64 C:/Users/F/workspace/FSXP_Project/FSXP_Proxy/Release/arduino.ar(hooks.c.o)
 .debug_info    0x000067be      0x2a6 C:/Users/F/workspace/FSXP_Project/FSXP_Proxy/Release/arduino.ar(main.cpp.o)
 .debug_info    0x00006a64      0x4a8 C:/Users/F/workspace/FSXP_Project/FSXP_Proxy/Release/arduino.ar(wiring.c.o)
 .debug_info    0x00006f0c     0x16aa C:/Users/F/workspace/FSXP_Project/FSXP_Proxy/Release/arduino.ar(wiring_analog.c.o)
 .debug_info    0x000085b6      0x8bc C:/Users/F/workspace/FSXP_Project/FSXP_Proxy/Release/arduino.ar(wiring_digital.c.o)
 .debug_info    0x00008e72     0x1602 C:/Users/F/workspace/FSXP_Project/FSXP_Proxy/Release/arduino.ar(USBCore.cpp.o)
 .debug_info    0x0000a474     0x1bc4 C:/Users/F/workspace/FSXP_Project/FSXP_Proxy/Release/arduino.ar(Print.cpp.o)
 .debug_info    0x0000c038      0x355 C:/Users/F/workspace/FSXP_Project/FSXP_Proxy/Release/arduino.ar(Reset.cpp.o)
 .debug_info    0x0000c38d     0x24e8 C:/Users/F/workspace/FSXP_Project/FSXP_Proxy/Release/arduino.ar(CDC.cpp.o)
 .debug_info    0x0000e875      0xe46 C:/Users/F/workspace/FSXP_Project/FSXP_Proxy/Release/arduino.ar(HID.cpp.o)

.debug_line     0x00000000     0x44a6
 .debug_line    0x00000000      0x358 C:/Users/F/workspace/FSXP_Project/FSXP_Proxy/Release/arduino/syscalls_sam3.c.o
 .debug_line    0x00000358      0x1fc ./FSXP_Proxy.cpp.o
 .debug_line    0x00000554      0x4a8 C:/Users/F/workspace/FSXP_Project/FSXP_Proxy/Release/arduino.ar(variant.cpp.o)
 .debug_line    0x000009fc      0x157 C:/Users/F/workspace/FSXP_Project/FSXP_Proxy/Release/arduino.ar(RingBuffer.cpp.o)
 .debug_line    0x00000b53      0x4c8 C:/Users/F/workspace/FSXP_Project/FSXP_Proxy/Release/arduino.ar(UARTClass.cpp.o)
 .debug_line    0x0000101b      0x4cb C:/Users/F/workspace/FSXP_Project/FSXP_Proxy/Release/arduino.ar(USARTClass.cpp.o)
 .debug_line    0x000014e6      0x43a C:/Users/F/workspace/FSXP_Project/FSXP_Proxy/Release/arduino.ar(WInterrupts.c.o)
 .debug_line    0x00001920      0x264 C:/Users/F/workspace/FSXP_Project/FSXP_Proxy/Release/arduino.ar(cortex_handlers.c.o)
 .debug_line    0x00001b84       0x84 C:/Users/F/workspace/FSXP_Project/FSXP_Proxy/Release/arduino.ar(cxxabi-compat.cpp.o)
 .debug_line    0x00001c08       0x9a C:/Users/F/workspace/FSXP_Project/FSXP_Proxy/Release/arduino.ar(hooks.c.o)
 .debug_line    0x00001ca2      0x280 C:/Users/F/workspace/FSXP_Project/FSXP_Proxy/Release/arduino.ar(main.cpp.o)
 .debug_line    0x00001f22      0x257 C:/Users/F/workspace/FSXP_Project/FSXP_Proxy/Release/arduino.ar(wiring.c.o)
 .debug_line    0x00002179      0x449 C:/Users/F/workspace/FSXP_Project/FSXP_Proxy/Release/arduino.ar(wiring_analog.c.o)
 .debug_line    0x000025c2      0x304 C:/Users/F/workspace/FSXP_Project/FSXP_Proxy/Release/arduino.ar(wiring_digital.c.o)
 .debug_line    0x000028c6      0x6a8 C:/Users/F/workspace/FSXP_Project/FSXP_Proxy/Release/arduino.ar(USBCore.cpp.o)
 .debug_line    0x00002f6e      0x5bd C:/Users/F/workspace/FSXP_Project/FSXP_Proxy/Release/arduino.ar(Print.cpp.o)
 .debug_line    0x0000352b      0x37b C:/Users/F/workspace/FSXP_Project/FSXP_Proxy/Release/arduino.ar(Reset.cpp.o)
 .debug_line    0x000038a6      0x644 C:/Users/F/workspace/FSXP_Project/FSXP_Proxy/Release/arduino.ar(CDC.cpp.o)
 .debug_line    0x00003eea      0x5bc C:/Users/F/workspace/FSXP_Project/FSXP_Proxy/Release/arduino.ar(HID.cpp.o)

.debug_loc      0x00000000     0x2412
 .debug_loc     0x00000000       0xf4 C:/Users/F/workspace/FSXP_Project/FSXP_Proxy/Release/arduino/syscalls_sam3.c.o
 .debug_loc     0x000000f4       0x70 C:/Users/F/workspace/FSXP_Project/FSXP_Proxy/Release/arduino.ar(variant.cpp.o)
 .debug_loc     0x00000164       0x99 C:/Users/F/workspace/FSXP_Project/FSXP_Proxy/Release/arduino.ar(RingBuffer.cpp.o)
 .debug_loc     0x000001fd      0x1cc C:/Users/F/workspace/FSXP_Project/FSXP_Proxy/Release/arduino.ar(UARTClass.cpp.o)
 .debug_loc     0x000003c9      0x1cc C:/Users/F/workspace/FSXP_Project/FSXP_Proxy/Release/arduino.ar(USARTClass.cpp.o)
 .debug_loc     0x00000595      0x113 C:/Users/F/workspace/FSXP_Project/FSXP_Proxy/Release/arduino.ar(WInterrupts.c.o)
 .debug_loc     0x000006a8       0x1f C:/Users/F/workspace/FSXP_Project/FSXP_Proxy/Release/arduino.ar(cortex_handlers.c.o)
 .debug_loc     0x000006c7       0x1f C:/Users/F/workspace/FSXP_Project/FSXP_Proxy/Release/arduino.ar(main.cpp.o)
 .debug_loc     0x000006e6       0xc1 C:/Users/F/workspace/FSXP_Project/FSXP_Proxy/Release/arduino.ar(wiring.c.o)
 .debug_loc     0x000007a7      0x23a C:/Users/F/workspace/FSXP_Project/FSXP_Proxy/Release/arduino.ar(wiring_analog.c.o)
 .debug_loc     0x000009e1      0x114 C:/Users/F/workspace/FSXP_Project/FSXP_Proxy/Release/arduino.ar(wiring_digital.c.o)
 .debug_loc     0x00000af5      0x6e4 C:/Users/F/workspace/FSXP_Project/FSXP_Proxy/Release/arduino.ar(USBCore.cpp.o)
 .debug_loc     0x000011d9      0xa0d C:/Users/F/workspace/FSXP_Project/FSXP_Proxy/Release/arduino.ar(Print.cpp.o)
 .debug_loc     0x00001be6       0x1f C:/Users/F/workspace/FSXP_Project/FSXP_Proxy/Release/arduino.ar(Reset.cpp.o)
 .debug_loc     0x00001c05      0x329 C:/Users/F/workspace/FSXP_Project/FSXP_Proxy/Release/arduino.ar(CDC.cpp.o)
 .debug_loc     0x00001f2e      0x4e4 C:/Users/F/workspace/FSXP_Project/FSXP_Proxy/Release/arduino.ar(HID.cpp.o)

.debug_pubnames
                0x00000000      0xf2c
 .debug_pubnames
                0x00000000       0x87 C:/Users/F/workspace/FSXP_Project/FSXP_Proxy/Release/arduino/syscalls_sam3.c.o
 .debug_pubnames
                0x00000087       0x25 ./FSXP_Proxy.cpp.o
 .debug_pubnames
                0x000000ac      0x13c C:/Users/F/workspace/FSXP_Project/FSXP_Proxy/Release/arduino.ar(variant.cpp.o)
 .debug_pubnames
                0x000001e8       0x63 C:/Users/F/workspace/FSXP_Project/FSXP_Proxy/Release/arduino.ar(RingBuffer.cpp.o)
 .debug_pubnames
                0x0000024b      0x10e C:/Users/F/workspace/FSXP_Project/FSXP_Proxy/Release/arduino.ar(UARTClass.cpp.o)
 .debug_pubnames
                0x00000359      0x11b C:/Users/F/workspace/FSXP_Project/FSXP_Proxy/Release/arduino.ar(USARTClass.cpp.o)
 .debug_pubnames
                0x00000474       0x7e C:/Users/F/workspace/FSXP_Project/FSXP_Proxy/Release/arduino.ar(WInterrupts.c.o)
 .debug_pubnames
                0x000004f2       0x49 C:/Users/F/workspace/FSXP_Project/FSXP_Proxy/Release/arduino.ar(cortex_handlers.c.o)
 .debug_pubnames
                0x0000053b       0x29 C:/Users/F/workspace/FSXP_Project/FSXP_Proxy/Release/arduino.ar(cxxabi-compat.cpp.o)
 .debug_pubnames
                0x00000564       0x1b C:/Users/F/workspace/FSXP_Project/FSXP_Proxy/Release/arduino.ar(main.cpp.o)
 .debug_pubnames
                0x0000057f       0x32 C:/Users/F/workspace/FSXP_Project/FSXP_Proxy/Release/arduino.ar(wiring.c.o)
 .debug_pubnames
                0x000005b1       0xa2 C:/Users/F/workspace/FSXP_Project/FSXP_Proxy/Release/arduino.ar(wiring_analog.c.o)
 .debug_pubnames
                0x00000653       0x3f C:/Users/F/workspace/FSXP_Project/FSXP_Proxy/Release/arduino.ar(wiring_digital.c.o)
 .debug_pubnames
                0x00000692      0x29c C:/Users/F/workspace/FSXP_Project/FSXP_Proxy/Release/arduino.ar(USBCore.cpp.o)
 .debug_pubnames
                0x0000092e      0x200 C:/Users/F/workspace/FSXP_Project/FSXP_Proxy/Release/arduino.ar(Print.cpp.o)
 .debug_pubnames
                0x00000b2e       0x4d C:/Users/F/workspace/FSXP_Project/FSXP_Proxy/Release/arduino.ar(Reset.cpp.o)
 .debug_pubnames
                0x00000b7b      0x159 C:/Users/F/workspace/FSXP_Project/FSXP_Proxy/Release/arduino.ar(CDC.cpp.o)
 .debug_pubnames
                0x00000cd4      0x258 C:/Users/F/workspace/FSXP_Project/FSXP_Proxy/Release/arduino.ar(HID.cpp.o)

.debug_aranges  0x00000000      0x718
 .debug_aranges
                0x00000000       0x70 C:/Users/F/workspace/FSXP_Project/FSXP_Proxy/Release/arduino/syscalls_sam3.c.o
 .debug_aranges
                0x00000070       0x28 ./FSXP_Proxy.cpp.o
 .debug_aranges
                0x00000098       0x70 C:/Users/F/workspace/FSXP_Project/FSXP_Proxy/Release/arduino.ar(variant.cpp.o)
 .debug_aranges
                0x00000108       0x30 C:/Users/F/workspace/FSXP_Project/FSXP_Proxy/Release/arduino.ar(RingBuffer.cpp.o)
 .debug_aranges
                0x00000138       0x70 C:/Users/F/workspace/FSXP_Project/FSXP_Proxy/Release/arduino.ar(UARTClass.cpp.o)
 .debug_aranges
                0x000001a8       0x70 C:/Users/F/workspace/FSXP_Project/FSXP_Proxy/Release/arduino.ar(USARTClass.cpp.o)
 .debug_aranges
                0x00000218       0x48 C:/Users/F/workspace/FSXP_Project/FSXP_Proxy/Release/arduino.ar(WInterrupts.c.o)
 .debug_aranges
                0x00000260       0x38 C:/Users/F/workspace/FSXP_Project/FSXP_Proxy/Release/arduino.ar(cortex_handlers.c.o)
 .debug_aranges
                0x00000298       0x20 C:/Users/F/workspace/FSXP_Project/FSXP_Proxy/Release/arduino.ar(cxxabi-compat.cpp.o)
 .debug_aranges
                0x000002b8       0x30 C:/Users/F/workspace/FSXP_Project/FSXP_Proxy/Release/arduino.ar(hooks.c.o)
 .debug_aranges
                0x000002e8       0x20 C:/Users/F/workspace/FSXP_Project/FSXP_Proxy/Release/arduino.ar(main.cpp.o)
 .debug_aranges
                0x00000308       0x30 C:/Users/F/workspace/FSXP_Project/FSXP_Proxy/Release/arduino.ar(wiring.c.o)
 .debug_aranges
                0x00000338       0x58 C:/Users/F/workspace/FSXP_Project/FSXP_Proxy/Release/arduino.ar(wiring_analog.c.o)
 .debug_aranges
                0x00000390       0x30 C:/Users/F/workspace/FSXP_Project/FSXP_Proxy/Release/arduino.ar(wiring_digital.c.o)
 .debug_aranges
                0x000003c0       0xc8 C:/Users/F/workspace/FSXP_Project/FSXP_Proxy/Release/arduino.ar(USBCore.cpp.o)
 .debug_aranges
                0x00000488       0xf0 C:/Users/F/workspace/FSXP_Project/FSXP_Proxy/Release/arduino.ar(Print.cpp.o)
 .debug_aranges
                0x00000578       0x38 C:/Users/F/workspace/FSXP_Project/FSXP_Proxy/Release/arduino.ar(Reset.cpp.o)
 .debug_aranges
                0x000005b0       0x90 C:/Users/F/workspace/FSXP_Project/FSXP_Proxy/Release/arduino.ar(CDC.cpp.o)
 .debug_aranges
                0x00000640       0xd8 C:/Users/F/workspace/FSXP_Project/FSXP_Proxy/Release/arduino.ar(HID.cpp.o)

.debug_ranges   0x00000000      0xa28
 .debug_ranges  0x00000000       0x68 C:/Users/F/workspace/FSXP_Project/FSXP_Proxy/Release/arduino/syscalls_sam3.c.o
 .debug_ranges  0x00000068       0x20 ./FSXP_Proxy.cpp.o
 .debug_ranges  0x00000088       0xa0 C:/Users/F/workspace/FSXP_Project/FSXP_Proxy/Release/arduino.ar(variant.cpp.o)
 .debug_ranges  0x00000128       0x40 C:/Users/F/workspace/FSXP_Project/FSXP_Proxy/Release/arduino.ar(RingBuffer.cpp.o)
 .debug_ranges  0x00000168       0x98 C:/Users/F/workspace/FSXP_Project/FSXP_Proxy/Release/arduino.ar(UARTClass.cpp.o)
 .debug_ranges  0x00000200       0x98 C:/Users/F/workspace/FSXP_Project/FSXP_Proxy/Release/arduino.ar(USARTClass.cpp.o)
 .debug_ranges  0x00000298       0x58 C:/Users/F/workspace/FSXP_Project/FSXP_Proxy/Release/arduino.ar(WInterrupts.c.o)
 .debug_ranges  0x000002f0       0x30 C:/Users/F/workspace/FSXP_Project/FSXP_Proxy/Release/arduino.ar(cortex_handlers.c.o)
 .debug_ranges  0x00000320       0x18 C:/Users/F/workspace/FSXP_Project/FSXP_Proxy/Release/arduino.ar(cxxabi-compat.cpp.o)
 .debug_ranges  0x00000338       0x28 C:/Users/F/workspace/FSXP_Project/FSXP_Proxy/Release/arduino.ar(hooks.c.o)
 .debug_ranges  0x00000360       0x18 C:/Users/F/workspace/FSXP_Project/FSXP_Proxy/Release/arduino.ar(main.cpp.o)
 .debug_ranges  0x00000378       0x28 C:/Users/F/workspace/FSXP_Project/FSXP_Proxy/Release/arduino.ar(wiring.c.o)
 .debug_ranges  0x000003a0       0x68 C:/Users/F/workspace/FSXP_Project/FSXP_Proxy/Release/arduino.ar(wiring_analog.c.o)
 .debug_ranges  0x00000408       0x28 C:/Users/F/workspace/FSXP_Project/FSXP_Proxy/Release/arduino.ar(wiring_digital.c.o)
 .debug_ranges  0x00000430      0x240 C:/Users/F/workspace/FSXP_Project/FSXP_Proxy/Release/arduino.ar(USBCore.cpp.o)
 .debug_ranges  0x00000670      0x178 C:/Users/F/workspace/FSXP_Project/FSXP_Proxy/Release/arduino.ar(Print.cpp.o)
 .debug_ranges  0x000007e8       0x30 C:/Users/F/workspace/FSXP_Project/FSXP_Proxy/Release/arduino.ar(Reset.cpp.o)
 .debug_ranges  0x00000818       0xc0 C:/Users/F/workspace/FSXP_Project/FSXP_Proxy/Release/arduino.ar(CDC.cpp.o)
 .debug_ranges  0x000008d8      0x150 C:/Users/F/workspace/FSXP_Project/FSXP_Proxy/Release/arduino.ar(HID.cpp.o)

.debug_str      0x00000000     0x3dd0
 .debug_str     0x00000000      0x2bb C:/Users/F/workspace/FSXP_Project/FSXP_Proxy/Release/arduino/syscalls_sam3.c.o
                                0x32a (size before relaxing)
 .debug_str     0x000002bb       0xbc ./FSXP_Proxy.cpp.o
                                0x166 (size before relaxing)
 .debug_str     0x00000377      0xbc9 C:/Users/F/workspace/FSXP_Project/FSXP_Proxy/Release/arduino.ar(variant.cpp.o)
                                0xd57 (size before relaxing)
 .debug_str     0x00000f40       0x57 C:/Users/F/workspace/FSXP_Project/FSXP_Proxy/Release/arduino.ar(RingBuffer.cpp.o)
                                0x143 (size before relaxing)
 .debug_str     0x00000f97      0xd2d C:/Users/F/workspace/FSXP_Project/FSXP_Proxy/Release/arduino.ar(UARTClass.cpp.o)
                               0x1245 (size before relaxing)
 .debug_str     0x00001cc4      0x20d C:/Users/F/workspace/FSXP_Project/FSXP_Proxy/Release/arduino.ar(USARTClass.cpp.o)
                               0x12a3 (size before relaxing)
 .debug_str     0x00001ed1      0x119 C:/Users/F/workspace/FSXP_Project/FSXP_Proxy/Release/arduino.ar(WInterrupts.c.o)
                                0x9fd (size before relaxing)
 .debug_str     0x00001fea       0x87 C:/Users/F/workspace/FSXP_Project/FSXP_Proxy/Release/arduino.ar(cortex_handlers.c.o)
                                0x194 (size before relaxing)
 .debug_str     0x00002071       0x68 C:/Users/F/workspace/FSXP_Project/FSXP_Proxy/Release/arduino.ar(cxxabi-compat.cpp.o)
                                 0x76 (size before relaxing)
 .debug_str     0x000020d9       0x5b C:/Users/F/workspace/FSXP_Project/FSXP_Proxy/Release/arduino.ar(hooks.c.o)
                                 0x6e (size before relaxing)
 .debug_str     0x00002134       0xeb C:/Users/F/workspace/FSXP_Project/FSXP_Proxy/Release/arduino.ar(main.cpp.o)
                                0x1ff (size before relaxing)
 .debug_str     0x0000221f       0x7f C:/Users/F/workspace/FSXP_Project/FSXP_Proxy/Release/arduino.ar(wiring.c.o)
                                0x206 (size before relaxing)
 .debug_str     0x0000229e      0x525 C:/Users/F/workspace/FSXP_Project/FSXP_Proxy/Release/arduino.ar(wiring_analog.c.o)
                                0xbe7 (size before relaxing)
 .debug_str     0x000027c3       0x7b C:/Users/F/workspace/FSXP_Project/FSXP_Proxy/Release/arduino.ar(wiring_digital.c.o)
                                0x648 (size before relaxing)
 .debug_str     0x0000283e      0x97b C:/Users/F/workspace/FSXP_Project/FSXP_Proxy/Release/arduino.ar(USBCore.cpp.o)
                                0xc51 (size before relaxing)
 .debug_str     0x000031b9      0x3db C:/Users/F/workspace/FSXP_Project/FSXP_Proxy/Release/arduino.ar(Print.cpp.o)
                                0xda7 (size before relaxing)
 .debug_str     0x00003594       0xe1 C:/Users/F/workspace/FSXP_Project/FSXP_Proxy/Release/arduino.ar(Reset.cpp.o)
                                0x224 (size before relaxing)
 .debug_str     0x00003675      0x3f7 C:/Users/F/workspace/FSXP_Project/FSXP_Proxy/Release/arduino.ar(CDC.cpp.o)
                               0x16ef (size before relaxing)
 .debug_str     0x00003a6c      0x364 C:/Users/F/workspace/FSXP_Project/FSXP_Proxy/Release/arduino.ar(HID.cpp.o)
                                0x645 (size before relaxing)

.debug_frame    0x00000000     0x19d0
 .debug_frame   0x00000000       0xd0 C:/Users/F/workspace/FSXP_Project/FSXP_Proxy/Release/arduino/syscalls_sam3.c.o
 .debug_frame   0x000000d0       0x30 ./FSXP_Proxy.cpp.o
 .debug_frame   0x00000100       0xe8 C:/Users/F/workspace/FSXP_Project/FSXP_Proxy/Release/arduino.ar(variant.cpp.o)
 .debug_frame   0x000001e8       0x58 C:/Users/F/workspace/FSXP_Project/FSXP_Proxy/Release/arduino.ar(RingBuffer.cpp.o)
 .debug_frame   0x00000240       0xf8 C:/Users/F/workspace/FSXP_Project/FSXP_Proxy/Release/arduino.ar(UARTClass.cpp.o)
 .debug_frame   0x00000338       0xf8 C:/Users/F/workspace/FSXP_Project/FSXP_Proxy/Release/arduino.ar(USARTClass.cpp.o)
 .debug_frame   0x00000430       0xb0 C:/Users/F/workspace/FSXP_Project/FSXP_Proxy/Release/arduino.ar(WInterrupts.c.o)
 .debug_frame   0x000004e0       0x58 C:/Users/F/workspace/FSXP_Project/FSXP_Proxy/Release/arduino.ar(cortex_handlers.c.o)
 .debug_frame   0x00000538       0x20 C:/Users/F/workspace/FSXP_Project/FSXP_Proxy/Release/arduino.ar(cxxabi-compat.cpp.o)
 .debug_frame   0x00000558       0x40 C:/Users/F/workspace/FSXP_Project/FSXP_Proxy/Release/arduino.ar(hooks.c.o)
 .debug_frame   0x00000598       0x28 C:/Users/F/workspace/FSXP_Project/FSXP_Proxy/Release/arduino.ar(main.cpp.o)
 .debug_frame   0x000005c0       0x5c C:/Users/F/workspace/FSXP_Project/FSXP_Proxy/Release/arduino.ar(wiring.c.o)
 .debug_frame   0x0000061c       0xb4 C:/Users/F/workspace/FSXP_Project/FSXP_Proxy/Release/arduino.ar(wiring_analog.c.o)
 .debug_frame   0x000006d0       0x64 C:/Users/F/workspace/FSXP_Project/FSXP_Proxy/Release/arduino.ar(wiring_digital.c.o)
 .debug_frame   0x00000734      0x234 C:/Users/F/workspace/FSXP_Project/FSXP_Proxy/Release/arduino.ar(USBCore.cpp.o)
 .debug_frame   0x00000968      0x2c0 C:/Users/F/workspace/FSXP_Project/FSXP_Proxy/Release/arduino.ar(Print.cpp.o)
 .debug_frame   0x00000c28       0x58 C:/Users/F/workspace/FSXP_Project/FSXP_Proxy/Release/arduino.ar(Reset.cpp.o)
 .debug_frame   0x00000c80      0x13c C:/Users/F/workspace/FSXP_Project/FSXP_Proxy/Release/arduino.ar(CDC.cpp.o)
 .debug_frame   0x00000dbc      0x1d8 C:/Users/F/workspace/FSXP_Project/FSXP_Proxy/Release/arduino.ar(HID.cpp.o)
 .debug_frame   0x00000f94       0x20 c:/users/f/applications/arduino/hardware/tools/g++_arm_none_eabi/bin/../lib/gcc/arm-none-eabi/4.4.1/../../../../arm-none-eabi/lib/thumb2\libm.a(lib_a-s_isinfd.o)
 .debug_frame   0x00000fb4       0x20 c:/users/f/applications/arduino/hardware/tools/g++_arm_none_eabi/bin/../lib/gcc/arm-none-eabi/4.4.1/../../../../arm-none-eabi/lib/thumb2\libm.a(lib_a-s_isnand.o)
 .debug_frame   0x00000fd4       0x44 c:/users/f/applications/arduino/hardware/tools/g++_arm_none_eabi/bin/../lib/gcc/arm-none-eabi/4.4.1/../../../../arm-none-eabi/lib/thumb2\libc.a(lib_a-assert.o)
 .debug_frame   0x00001018       0x5c c:/users/f/applications/arduino/hardware/tools/g++_arm_none_eabi/bin/../lib/gcc/arm-none-eabi/4.4.1/../../../../arm-none-eabi/lib/thumb2\libc.a(lib_a-fiprintf.o)
 .debug_frame   0x00001074       0x2c c:/users/f/applications/arduino/hardware/tools/g++_arm_none_eabi/bin/../lib/gcc/arm-none-eabi/4.4.1/../../../../arm-none-eabi/lib/thumb2\libc.a(lib_a-init.o)
 .debug_frame   0x000010a0       0x5c c:/users/f/applications/arduino/hardware/tools/g++_arm_none_eabi/bin/../lib/gcc/arm-none-eabi/4.4.1/../../../../arm-none-eabi/lib/thumb2\libc.a(lib_a-iprintf.o)
 .debug_frame   0x000010fc       0x28 c:/users/f/applications/arduino/hardware/tools/g++_arm_none_eabi/bin/../lib/gcc/arm-none-eabi/4.4.1/../../../../arm-none-eabi/lib/thumb2\libc.a(lib_a-memset.o)
 .debug_frame   0x00001124       0x20 c:/users/f/applications/arduino/hardware/tools/g++_arm_none_eabi/bin/../lib/gcc/arm-none-eabi/4.4.1/../../../../arm-none-eabi/lib/thumb2\libc.a(lib_a-strlen.o)
 .debug_frame   0x00001144       0x70 c:/users/f/applications/arduino/hardware/tools/g++_arm_none_eabi/bin/../lib/gcc/arm-none-eabi/4.4.1/../../../../arm-none-eabi/lib/thumb2\libc.a(lib_a-vfiprintf.o)
 .debug_frame   0x000011b4       0x2c c:/users/f/applications/arduino/hardware/tools/g++_arm_none_eabi/bin/../lib/gcc/arm-none-eabi/4.4.1/../../../../arm-none-eabi/lib/thumb2\libc.a(lib_a-wsetup.o)
 .debug_frame   0x000011e0       0x28 c:/users/f/applications/arduino/hardware/tools/g++_arm_none_eabi/bin/../lib/gcc/arm-none-eabi/4.4.1/../../../../arm-none-eabi/lib/thumb2\libc.a(lib_a-abort.o)
 .debug_frame   0x00001208       0x40 c:/users/f/applications/arduino/hardware/tools/g++_arm_none_eabi/bin/../lib/gcc/arm-none-eabi/4.4.1/../../../../arm-none-eabi/lib/thumb2\libc.a(lib_a-fflush.o)
 .debug_frame   0x00001248      0x11c c:/users/f/applications/arduino/hardware/tools/g++_arm_none_eabi/bin/../lib/gcc/arm-none-eabi/4.4.1/../../../../arm-none-eabi/lib/thumb2\libc.a(lib_a-findfp.o)
 .debug_frame   0x00001364       0x50 c:/users/f/applications/arduino/hardware/tools/g++_arm_none_eabi/bin/../lib/gcc/arm-none-eabi/4.4.1/../../../../arm-none-eabi/lib/thumb2\libc.a(lib_a-freer.o)
 .debug_frame   0x000013b4       0x3c c:/users/f/applications/arduino/hardware/tools/g++_arm_none_eabi/bin/../lib/gcc/arm-none-eabi/4.4.1/../../../../arm-none-eabi/lib/thumb2\libc.a(lib_a-fvwrite.o)
 .debug_frame   0x000013f0       0x54 c:/users/f/applications/arduino/hardware/tools/g++_arm_none_eabi/bin/../lib/gcc/arm-none-eabi/4.4.1/../../../../arm-none-eabi/lib/thumb2\libc.a(lib_a-fwalk.o)